

================================================================
== Vitis HLS Report for 'AlignStatic_Pipeline_VITIS_LOOP_463_1'
================================================================
* Date:           Thu Oct 26 16:51:33 2023

* Version:        2023.1 (Build 3854077 on May  4 2023)
* Project:        BasicKernel
* Solution:       solution1 (Vitis Kernel Flow Target)
* Product family: zynquplus
* Target device:  xczu7ev-ffvc1156-2-i


================================================================
== Performance Estimates
================================================================
+ Timing: 
    * Summary: 
    +--------+---------+----------+------------+
    |  Clock |  Target | Estimated| Uncertainty|
    +--------+---------+----------+------------+
    |ap_clk  |  4.00 ns|  2.518 ns|     1.08 ns|
    +--------+---------+----------+------------+

+ Latency: 
    * Summary: 
    +---------+---------+----------+----------+-----+-----+---------+
    |  Latency (cycles) |  Latency (absolute) |  Interval | Pipeline|
    |   min   |   max   |    min   |    max   | min | max |   Type  |
    +---------+---------+----------+----------+-----+-----+---------+
    |       34|       34|  0.136 us|  0.136 us|   34|   34|       no|
    +---------+---------+----------+----------+-----+-----+---------+

    + Detail: 
        * Instance: 
        N/A

        * Loop: 
        +--------------------+---------+---------+----------+-----------+-----------+------+----------+
        |                    |  Latency (cycles) | Iteration|  Initiation Interval  | Trip |          |
        |      Loop Name     |   min   |   max   |  Latency |  achieved |   target  | Count| Pipelined|
        +--------------------+---------+---------+----------+-----------+-----------+------+----------+
        |- VITIS_LOOP_463_1  |       32|       32|         2|          1|          1|    32|       yes|
        +--------------------+---------+---------+----------+-----------+-----------+------+----------+



================================================================
== Utilization Estimates
================================================================
* Summary: 
+-----------------+---------+------+--------+--------+-----+
|       Name      | BRAM_18K|  DSP |   FF   |   LUT  | URAM|
+-----------------+---------+------+--------+--------+-----+
|DSP              |        -|     -|       -|       -|    -|
|Expression       |        -|     -|       0|     164|    -|
|FIFO             |        -|     -|       -|       -|    -|
|Instance         |        -|     -|       0|     444|    -|
|Memory           |        0|     -|       5|       3|    -|
|Multiplexer      |        -|     -|       -|      72|    -|
|Register         |        -|     -|     123|       -|    -|
+-----------------+---------+------+--------+--------+-----+
|Total            |        0|     0|     128|     683|    0|
+-----------------+---------+------+--------+--------+-----+
|Available        |      624|  1728|  460800|  230400|   96|
+-----------------+---------+------+--------+--------+-----+
|Utilization (%)  |        0|     0|      ~0|      ~0|    0|
+-----------------+---------+------+--------+--------+-----+

+ Detail: 
    * Instance: 
    +----------------------+-----------------+---------+----+---+-----+-----+
    |       Instance       |      Module     | BRAM_18K| DSP| FF| LUT | URAM|
    +----------------------+-----------------+---------+----+---+-----+-----+
    |mux_32_5_16_1_1_U674  |mux_32_5_16_1_1  |        0|   0|  0|  148|    0|
    |mux_32_5_32_1_1_U675  |mux_32_5_32_1_1  |        0|   0|  0|  148|    0|
    |mux_32_5_32_1_1_U676  |mux_32_5_32_1_1  |        0|   0|  0|  148|    0|
    +----------------------+-----------------+---------+----+---+-----+-----+
    |Total                 |                 |        0|   0|  0|  444|    0|
    +----------------------+-----------------+---------+----+---+-----+-----+

    * DSP: 
    N/A

    * Memory: 
    +----------------+----------------------------------------------------------------+---------+---+----+-----+------+-----+------+-------------+
    |     Memory     |                             Module                             | BRAM_18K| FF| LUT| URAM| Words| Bits| Banks| W*Bits*Banks|
    +----------------+----------------------------------------------------------------+---------+---+----+-----+------+-----+------+-------------+
    |local_max_pe_U  |AlignStatic_Pipeline_VITIS_LOOP_463_1_local_max_pe_ROM_AUTO_1R  |        0|  5|   3|    0|    32|    5|     1|          160|
    +----------------+----------------------------------------------------------------+---------+---+----+-----+------+-----+------+-------------+
    |Total           |                                                                |        0|  5|   3|    0|    32|    5|     1|          160|
    +----------------+----------------------------------------------------------------+---------+---+----+-----+------+-----+------+-------------+

    * FIFO: 
    N/A

    * Expression: 
    +-------------------------------+----------+----+---+----+------------+------------+
    |         Variable Name         | Operation| DSP| FF| LUT| Bitwidth P0| Bitwidth P1|
    +-------------------------------+----------+----+---+----+------------+------------+
    |add_ln463_fu_900_p2            |         +|   0|  0|  13|           6|           1|
    |icmp_ln463_fu_894_p2           |      icmp|   0|  0|  14|           6|           7|
    |icmp_ln465_fu_962_p2           |      icmp|   0|  0|  23|          16|          16|
    |max_chunk_offset_3_fu_1052_p3  |    select|   0|  0|  32|           1|          32|
    |max_pe_2_fu_1095_p3            |    select|   0|  0|  32|           1|          32|
    |max_pe_offset_3_fu_1044_p3     |    select|   0|  0|  32|           1|          32|
    |max_score_3_fu_1060_p3         |    select|   0|  0|  16|           1|          16|
    |ap_enable_pp0                  |       xor|   0|  0|   2|           1|           2|
    +-------------------------------+----------+----+---+----+------------+------------+
    |Total                          |          |   0|  0| 164|          33|         138|
    +-------------------------------+----------+----+---+----+------------+------------+

    * Multiplexer: 
    +---------------------------+----+-----------+-----+-----------+
    |            Name           | LUT| Input Size| Bits| Total Bits|
    +---------------------------+----+-----------+-----+-----------+
    |ap_done_int                |   9|          2|    1|          2|
    |ap_enable_reg_pp0_iter1    |   9|          2|    1|          2|
    |ap_enable_reg_pp0_iter2    |   9|          2|    1|          2|
    |i_2_fu_252                 |   9|          2|    6|         12|
    |max_chunk_offset_1_fu_244  |   9|          2|   32|         64|
    |max_pe_fu_240              |   9|          2|   32|         64|
    |max_pe_offset_1_fu_236     |   9|          2|   32|         64|
    |max_score_1_fu_248         |   9|          2|   16|         32|
    +---------------------------+----+-----------+-----+-----------+
    |Total                      |  72|         16|  121|        242|
    +---------------------------+----+-----------+-----+-----------+

    * Register: 
    +---------------------------+----+----+-----+-----------+
    |            Name           | FF | LUT| Bits| Const Bits|
    +---------------------------+----+----+-----+-----------+
    |ap_CS_fsm                  |   1|   0|    1|          0|
    |ap_done_reg                |   1|   0|    1|          0|
    |ap_enable_reg_pp0_iter1    |   1|   0|    1|          0|
    |ap_enable_reg_pp0_iter2    |   1|   0|    1|          0|
    |i_2_fu_252                 |   6|   0|    6|          0|
    |icmp_ln465_reg_1640        |   1|   0|    1|          0|
    |max_chunk_offset_1_fu_244  |  32|   0|   32|          0|
    |max_pe_fu_240              |  32|   0|   32|          0|
    |max_pe_offset_1_fu_236     |  32|   0|   32|          0|
    |max_score_1_fu_248         |  16|   0|   16|          0|
    +---------------------------+----+----+-----+-----------+
    |Total                      | 123|   0|  123|          0|
    +---------------------------+----+----+-----+-----------+



================================================================
== Interface
================================================================
* Summary: 
+-------------------------------+-----+-----+------------+---------------------------------------+--------------+
|           RTL Ports           | Dir | Bits|  Protocol  |             Source Object             |    C Type    |
+-------------------------------+-----+-----+------------+---------------------------------------+--------------+
|ap_clk                         |   in|    1|  ap_ctrl_hs|  AlignStatic_Pipeline_VITIS_LOOP_463_1|  return value|
|ap_rst                         |   in|    1|  ap_ctrl_hs|  AlignStatic_Pipeline_VITIS_LOOP_463_1|  return value|
|ap_start                       |   in|    1|  ap_ctrl_hs|  AlignStatic_Pipeline_VITIS_LOOP_463_1|  return value|
|ap_done                        |  out|    1|  ap_ctrl_hs|  AlignStatic_Pipeline_VITIS_LOOP_463_1|  return value|
|ap_idle                        |  out|    1|  ap_ctrl_hs|  AlignStatic_Pipeline_VITIS_LOOP_463_1|  return value|
|ap_ready                       |  out|    1|  ap_ctrl_hs|  AlignStatic_Pipeline_VITIS_LOOP_463_1|  return value|
|max_score                      |   in|   16|     ap_none|                              max_score|        scalar|
|max_chunk_offset               |   in|   32|     ap_none|                       max_chunk_offset|        scalar|
|max_pe_offset                  |   in|   32|     ap_none|                          max_pe_offset|        scalar|
|local_max_score_32_2           |   in|   16|     ap_none|                   local_max_score_32_2|        scalar|
|local_max_score_33_2           |   in|   16|     ap_none|                   local_max_score_33_2|        scalar|
|local_max_score_34_2           |   in|   16|     ap_none|                   local_max_score_34_2|        scalar|
|local_max_score_35_2           |   in|   16|     ap_none|                   local_max_score_35_2|        scalar|
|local_max_score_36_2           |   in|   16|     ap_none|                   local_max_score_36_2|        scalar|
|local_max_score_37_2           |   in|   16|     ap_none|                   local_max_score_37_2|        scalar|
|local_max_score_38_2           |   in|   16|     ap_none|                   local_max_score_38_2|        scalar|
|local_max_score_39_2           |   in|   16|     ap_none|                   local_max_score_39_2|        scalar|
|local_max_score_40_2           |   in|   16|     ap_none|                   local_max_score_40_2|        scalar|
|local_max_score_41_2           |   in|   16|     ap_none|                   local_max_score_41_2|        scalar|
|local_max_score_42_2           |   in|   16|     ap_none|                   local_max_score_42_2|        scalar|
|local_max_score_43_2           |   in|   16|     ap_none|                   local_max_score_43_2|        scalar|
|local_max_score_44_2           |   in|   16|     ap_none|                   local_max_score_44_2|        scalar|
|local_max_score_45_2           |   in|   16|     ap_none|                   local_max_score_45_2|        scalar|
|local_max_score_46_2           |   in|   16|     ap_none|                   local_max_score_46_2|        scalar|
|local_max_score_47_2           |   in|   16|     ap_none|                   local_max_score_47_2|        scalar|
|local_max_score_48_2           |   in|   16|     ap_none|                   local_max_score_48_2|        scalar|
|local_max_score_49_2           |   in|   16|     ap_none|                   local_max_score_49_2|        scalar|
|local_max_score_50_2           |   in|   16|     ap_none|                   local_max_score_50_2|        scalar|
|local_max_score_51_2           |   in|   16|     ap_none|                   local_max_score_51_2|        scalar|
|local_max_score_52_2           |   in|   16|     ap_none|                   local_max_score_52_2|        scalar|
|local_max_score_53_2           |   in|   16|     ap_none|                   local_max_score_53_2|        scalar|
|local_max_score_54_2           |   in|   16|     ap_none|                   local_max_score_54_2|        scalar|
|local_max_score_55_2           |   in|   16|     ap_none|                   local_max_score_55_2|        scalar|
|local_max_score_56_2           |   in|   16|     ap_none|                   local_max_score_56_2|        scalar|
|local_max_score_57_2           |   in|   16|     ap_none|                   local_max_score_57_2|        scalar|
|local_max_score_58_2           |   in|   16|     ap_none|                   local_max_score_58_2|        scalar|
|local_max_score_59_2           |   in|   16|     ap_none|                   local_max_score_59_2|        scalar|
|local_max_score_60_2           |   in|   16|     ap_none|                   local_max_score_60_2|        scalar|
|local_max_score_61_2           |   in|   16|     ap_none|                   local_max_score_61_2|        scalar|
|local_max_score_62_2           |   in|   16|     ap_none|                   local_max_score_62_2|        scalar|
|local_max_chunk_offset_32_2    |   in|   32|     ap_none|            local_max_chunk_offset_32_2|        scalar|
|local_max_chunk_offset_33_2    |   in|   32|     ap_none|            local_max_chunk_offset_33_2|        scalar|
|local_max_chunk_offset_34_2    |   in|   32|     ap_none|            local_max_chunk_offset_34_2|        scalar|
|local_max_chunk_offset_35_2    |   in|   32|     ap_none|            local_max_chunk_offset_35_2|        scalar|
|local_max_chunk_offset_36_2    |   in|   32|     ap_none|            local_max_chunk_offset_36_2|        scalar|
|local_max_chunk_offset_37_2    |   in|   32|     ap_none|            local_max_chunk_offset_37_2|        scalar|
|local_max_chunk_offset_38_2    |   in|   32|     ap_none|            local_max_chunk_offset_38_2|        scalar|
|local_max_chunk_offset_39_2    |   in|   32|     ap_none|            local_max_chunk_offset_39_2|        scalar|
|local_max_chunk_offset_40_2    |   in|   32|     ap_none|            local_max_chunk_offset_40_2|        scalar|
|local_max_chunk_offset_41_2    |   in|   32|     ap_none|            local_max_chunk_offset_41_2|        scalar|
|local_max_chunk_offset_42_2    |   in|   32|     ap_none|            local_max_chunk_offset_42_2|        scalar|
|local_max_chunk_offset_43_2    |   in|   32|     ap_none|            local_max_chunk_offset_43_2|        scalar|
|local_max_chunk_offset_44_2    |   in|   32|     ap_none|            local_max_chunk_offset_44_2|        scalar|
|local_max_chunk_offset_45_2    |   in|   32|     ap_none|            local_max_chunk_offset_45_2|        scalar|
|local_max_chunk_offset_46_2    |   in|   32|     ap_none|            local_max_chunk_offset_46_2|        scalar|
|local_max_chunk_offset_47_2    |   in|   32|     ap_none|            local_max_chunk_offset_47_2|        scalar|
|local_max_chunk_offset_48_2    |   in|   32|     ap_none|            local_max_chunk_offset_48_2|        scalar|
|local_max_chunk_offset_49_2    |   in|   32|     ap_none|            local_max_chunk_offset_49_2|        scalar|
|local_max_chunk_offset_50_2    |   in|   32|     ap_none|            local_max_chunk_offset_50_2|        scalar|
|local_max_chunk_offset_51_2    |   in|   32|     ap_none|            local_max_chunk_offset_51_2|        scalar|
|local_max_chunk_offset_52_2    |   in|   32|     ap_none|            local_max_chunk_offset_52_2|        scalar|
|local_max_chunk_offset_53_2    |   in|   32|     ap_none|            local_max_chunk_offset_53_2|        scalar|
|local_max_chunk_offset_54_2    |   in|   32|     ap_none|            local_max_chunk_offset_54_2|        scalar|
|local_max_chunk_offset_55_2    |   in|   32|     ap_none|            local_max_chunk_offset_55_2|        scalar|
|local_max_chunk_offset_56_2    |   in|   32|     ap_none|            local_max_chunk_offset_56_2|        scalar|
|local_max_chunk_offset_57_2    |   in|   32|     ap_none|            local_max_chunk_offset_57_2|        scalar|
|local_max_chunk_offset_58_2    |   in|   32|     ap_none|            local_max_chunk_offset_58_2|        scalar|
|local_max_chunk_offset_59_2    |   in|   32|     ap_none|            local_max_chunk_offset_59_2|        scalar|
|local_max_chunk_offset_60_2    |   in|   32|     ap_none|            local_max_chunk_offset_60_2|        scalar|
|local_max_chunk_offset_61_2    |   in|   32|     ap_none|            local_max_chunk_offset_61_2|        scalar|
|local_max_chunk_offset_62_2    |   in|   32|     ap_none|            local_max_chunk_offset_62_2|        scalar|
|local_max_pe_offset_32_2       |   in|   32|     ap_none|               local_max_pe_offset_32_2|        scalar|
|local_max_pe_offset_33_2       |   in|   32|     ap_none|               local_max_pe_offset_33_2|        scalar|
|local_max_pe_offset_34_2       |   in|   32|     ap_none|               local_max_pe_offset_34_2|        scalar|
|local_max_pe_offset_35_2       |   in|   32|     ap_none|               local_max_pe_offset_35_2|        scalar|
|local_max_pe_offset_36_2       |   in|   32|     ap_none|               local_max_pe_offset_36_2|        scalar|
|local_max_pe_offset_37_2       |   in|   32|     ap_none|               local_max_pe_offset_37_2|        scalar|
|local_max_pe_offset_38_2       |   in|   32|     ap_none|               local_max_pe_offset_38_2|        scalar|
|local_max_pe_offset_39_2       |   in|   32|     ap_none|               local_max_pe_offset_39_2|        scalar|
|local_max_pe_offset_40_2       |   in|   32|     ap_none|               local_max_pe_offset_40_2|        scalar|
|local_max_pe_offset_41_2       |   in|   32|     ap_none|               local_max_pe_offset_41_2|        scalar|
|local_max_pe_offset_42_2       |   in|   32|     ap_none|               local_max_pe_offset_42_2|        scalar|
|local_max_pe_offset_43_2       |   in|   32|     ap_none|               local_max_pe_offset_43_2|        scalar|
|local_max_pe_offset_44_2       |   in|   32|     ap_none|               local_max_pe_offset_44_2|        scalar|
|local_max_pe_offset_45_2       |   in|   32|     ap_none|               local_max_pe_offset_45_2|        scalar|
|local_max_pe_offset_46_2       |   in|   32|     ap_none|               local_max_pe_offset_46_2|        scalar|
|local_max_pe_offset_47_2       |   in|   32|     ap_none|               local_max_pe_offset_47_2|        scalar|
|local_max_pe_offset_48_2       |   in|   32|     ap_none|               local_max_pe_offset_48_2|        scalar|
|local_max_pe_offset_49_2       |   in|   32|     ap_none|               local_max_pe_offset_49_2|        scalar|
|local_max_pe_offset_50_2       |   in|   32|     ap_none|               local_max_pe_offset_50_2|        scalar|
|local_max_pe_offset_51_2       |   in|   32|     ap_none|               local_max_pe_offset_51_2|        scalar|
|local_max_pe_offset_52_2       |   in|   32|     ap_none|               local_max_pe_offset_52_2|        scalar|
|local_max_pe_offset_53_2       |   in|   32|     ap_none|               local_max_pe_offset_53_2|        scalar|
|local_max_pe_offset_54_2       |   in|   32|     ap_none|               local_max_pe_offset_54_2|        scalar|
|local_max_pe_offset_55_2       |   in|   32|     ap_none|               local_max_pe_offset_55_2|        scalar|
|local_max_pe_offset_56_2       |   in|   32|     ap_none|               local_max_pe_offset_56_2|        scalar|
|local_max_pe_offset_57_2       |   in|   32|     ap_none|               local_max_pe_offset_57_2|        scalar|
|local_max_pe_offset_58_2       |   in|   32|     ap_none|               local_max_pe_offset_58_2|        scalar|
|local_max_pe_offset_59_2       |   in|   32|     ap_none|               local_max_pe_offset_59_2|        scalar|
|local_max_pe_offset_60_2       |   in|   32|     ap_none|               local_max_pe_offset_60_2|        scalar|
|local_max_pe_offset_61_2       |   in|   32|     ap_none|               local_max_pe_offset_61_2|        scalar|
|local_max_pe_offset_62_2       |   in|   32|     ap_none|               local_max_pe_offset_62_2|        scalar|
|max_chunk_offset_1_out         |  out|   32|      ap_vld|                 max_chunk_offset_1_out|       pointer|
|max_chunk_offset_1_out_ap_vld  |  out|    1|      ap_vld|                 max_chunk_offset_1_out|       pointer|
|max_pe_1_out                   |  out|   32|      ap_vld|                           max_pe_1_out|       pointer|
|max_pe_1_out_ap_vld            |  out|    1|      ap_vld|                           max_pe_1_out|       pointer|
|max_pe_offset_1_out            |  out|   32|      ap_vld|                    max_pe_offset_1_out|       pointer|
|max_pe_offset_1_out_ap_vld     |  out|    1|      ap_vld|                    max_pe_offset_1_out|       pointer|
+-------------------------------+-----+-----+------------+---------------------------------------+--------------+

