

================================================================
== Vitis HLS Report for 'CopyColScore'
================================================================
* Date:           Thu Oct 26 16:51:22 2023

* Version:        2023.1 (Build 3854077 on May  4 2023)
* Project:        BasicKernel
* Solution:       solution1 (Vitis Kernel Flow Target)
* Product family: zynquplus
* Target device:  xczu7ev-ffvc1156-2-i


================================================================
== Performance Estimates
================================================================
+ Timing: 
    * Summary: 
    +--------+---------+----------+------------+
    |  Clock |  Target | Estimated| Uncertainty|
    +--------+---------+----------+------------+
    |ap_clk  |  4.00 ns|  2.002 ns|     1.08 ns|
    +--------+---------+----------+------------+

+ Latency: 
    * Summary: 
    +---------+---------+-----------+-----------+-----+-----+---------+
    |  Latency (cycles) |   Latency (absolute)  |  Interval | Pipeline|
    |   min   |   max   |    min    |    max    | min | max |   Type  |
    +---------+---------+-----------+-----------+-----+-----+---------+
    |       17|       17|  68.000 ns|  68.000 ns|   17|   17|       no|
    +---------+---------+-----------+-----------+-----+-----+---------+

    + Detail: 
        * Instance: 
        N/A

        * Loop: 
        N/A



================================================================
== Utilization Estimates
================================================================
* Summary: 
+-----------------+---------+------+--------+--------+-----+
|       Name      | BRAM_18K|  DSP |   FF   |   LUT  | URAM|
+-----------------+---------+------+--------+--------+-----+
|DSP              |        -|     -|       -|       -|    -|
|Expression       |        -|     -|       0|     465|    -|
|FIFO             |        -|     -|       -|       -|    -|
|Instance         |        -|     -|       -|       -|    -|
|Memory           |        -|     -|       -|       -|    -|
|Multiplexer      |        -|     -|       -|    1031|    -|
|Register         |        -|     -|      18|       -|    -|
+-----------------+---------+------+--------+--------+-----+
|Total            |        0|     0|      18|    1496|    0|
+-----------------+---------+------+--------+--------+-----+
|Available        |      624|  1728|  460800|  230400|   96|
+-----------------+---------+------+--------+--------+-----+
|Utilization (%)  |        0|     0|      ~0|      ~0|    0|
+-----------------+---------+------+--------+--------+-----+

+ Detail: 
    * Instance: 
    N/A

    * DSP: 
    N/A

    * Memory: 
    N/A

    * FIFO: 
    N/A

    * Expression: 
    +-------------------------+----------+----+---+----+------------+------------+
    |      Variable Name      | Operation| DSP| FF| LUT| Bitwidth P0| Bitwidth P1|
    +-------------------------+----------+----+---+----+------------+------------+
    |add_ln486_10_fu_1546_p2  |         +|   0|  0|  15|           8|           4|
    |add_ln486_11_fu_1566_p2  |         +|   0|  0|  15|           8|           4|
    |add_ln486_12_fu_1576_p2  |         +|   0|  0|  15|           8|           4|
    |add_ln486_13_fu_1596_p2  |         +|   0|  0|  15|           8|           4|
    |add_ln486_14_fu_1606_p2  |         +|   0|  0|  15|           8|           4|
    |add_ln486_15_fu_1626_p2  |         +|   0|  0|  15|           8|           5|
    |add_ln486_16_fu_1636_p2  |         +|   0|  0|  15|           8|           5|
    |add_ln486_17_fu_1656_p2  |         +|   0|  0|  15|           8|           5|
    |add_ln486_18_fu_1666_p2  |         +|   0|  0|  15|           8|           5|
    |add_ln486_19_fu_1686_p2  |         +|   0|  0|  15|           8|           5|
    |add_ln486_1_fu_1416_p2   |         +|   0|  0|  15|           8|           2|
    |add_ln486_20_fu_1696_p2  |         +|   0|  0|  15|           8|           5|
    |add_ln486_21_fu_1716_p2  |         +|   0|  0|  15|           8|           5|
    |add_ln486_22_fu_1726_p2  |         +|   0|  0|  15|           8|           5|
    |add_ln486_23_fu_1746_p2  |         +|   0|  0|  15|           8|           5|
    |add_ln486_24_fu_1756_p2  |         +|   0|  0|  15|           8|           5|
    |add_ln486_25_fu_1776_p2  |         +|   0|  0|  15|           8|           5|
    |add_ln486_26_fu_1786_p2  |         +|   0|  0|  15|           8|           5|
    |add_ln486_27_fu_1806_p2  |         +|   0|  0|  15|           8|           5|
    |add_ln486_28_fu_1816_p2  |         +|   0|  0|  15|           8|           5|
    |add_ln486_29_fu_1836_p2  |         +|   0|  0|  15|           8|           5|
    |add_ln486_2_fu_1426_p2   |         +|   0|  0|  15|           8|           2|
    |add_ln486_30_fu_1846_p2  |         +|   0|  0|  15|           8|           5|
    |add_ln486_3_fu_1446_p2   |         +|   0|  0|  15|           8|           3|
    |add_ln486_4_fu_1456_p2   |         +|   0|  0|  15|           8|           3|
    |add_ln486_5_fu_1476_p2   |         +|   0|  0|  15|           8|           3|
    |add_ln486_6_fu_1486_p2   |         +|   0|  0|  15|           8|           3|
    |add_ln486_7_fu_1506_p2   |         +|   0|  0|  15|           8|           4|
    |add_ln486_8_fu_1516_p2   |         +|   0|  0|  15|           8|           4|
    |add_ln486_9_fu_1536_p2   |         +|   0|  0|  15|           8|           4|
    |add_ln486_fu_1395_p2     |         +|   0|  0|  15|           8|           1|
    +-------------------------+----------+----+---+----+------------+------------+
    |Total                    |          |   0|  0| 465|         248|         129|
    +-------------------------+----------+----+---+----+------------+------------+

    * Multiplexer: 
    +-------------------------------+----+-----------+-----+-----------+
    |              Name             | LUT| Input Size| Bits| Total Bits|
    +-------------------------------+----+-----------+-----+-----------+
    |ap_NS_fsm                      |  97|         19|    1|         19|
    |init_col_scr_address0          |  81|         17|    8|        136|
    |init_col_scr_address1          |  81|         17|    8|        136|
    |init_col_scr_local_0_address0  |  97|         19|    6|        114|
    |init_col_scr_local_0_address1  |  81|         17|    6|        102|
    |init_col_scr_local_0_d0        |  89|         18|   16|        288|
    |init_col_scr_local_0_d1        |  81|         17|   16|        272|
    |init_col_scr_local_1_address0  |  97|         19|    6|        114|
    |init_col_scr_local_1_address1  |  81|         17|    6|        102|
    |init_col_scr_local_1_d0        |  20|          4|   16|         64|
    |init_col_scr_local_1_d1        |  14|          3|   16|         48|
    |init_col_scr_local_2_address0  |  97|         19|    6|        114|
    |init_col_scr_local_2_address1  |  81|         17|    6|        102|
    |init_col_scr_local_2_d0        |  20|          4|   16|         64|
    |init_col_scr_local_2_d1        |  14|          3|   16|         48|
    +-------------------------------+----+-----------+-----+-----------+
    |Total                          |1031|        210|  149|       1723|
    +-------------------------------+----+-----------+-----+-----------+

    * Register: 
    +-----------+----+----+-----+-----------+
    |    Name   | FF | LUT| Bits| Const Bits|
    +-----------+----+----+-----+-----------+
    |ap_CS_fsm  |  18|   0|   18|          0|
    +-----------+----+----+-----+-----------+
    |Total      |  18|   0|   18|          0|
    +-----------+----+----+-----+-----------+



================================================================
== Interface
================================================================
* Summary: 
+-------------------------------+-----+-----+------------+----------------------+--------------+
|           RTL Ports           | Dir | Bits|  Protocol  |     Source Object    |    C Type    |
+-------------------------------+-----+-----+------------+----------------------+--------------+
|ap_clk                         |   in|    1|  ap_ctrl_hs|          CopyColScore|  return value|
|ap_rst                         |   in|    1|  ap_ctrl_hs|          CopyColScore|  return value|
|ap_start                       |   in|    1|  ap_ctrl_hs|          CopyColScore|  return value|
|ap_done                        |  out|    1|  ap_ctrl_hs|          CopyColScore|  return value|
|ap_idle                        |  out|    1|  ap_ctrl_hs|          CopyColScore|  return value|
|ap_ready                       |  out|    1|  ap_ctrl_hs|          CopyColScore|  return value|
|init_col_scr_local_0_address0  |  out|    6|   ap_memory|  init_col_scr_local_0|         array|
|init_col_scr_local_0_ce0       |  out|    1|   ap_memory|  init_col_scr_local_0|         array|
|init_col_scr_local_0_we0       |  out|    1|   ap_memory|  init_col_scr_local_0|         array|
|init_col_scr_local_0_d0        |  out|   16|   ap_memory|  init_col_scr_local_0|         array|
|init_col_scr_local_0_q0        |   in|   16|   ap_memory|  init_col_scr_local_0|         array|
|init_col_scr_local_0_address1  |  out|    6|   ap_memory|  init_col_scr_local_0|         array|
|init_col_scr_local_0_ce1       |  out|    1|   ap_memory|  init_col_scr_local_0|         array|
|init_col_scr_local_0_we1       |  out|    1|   ap_memory|  init_col_scr_local_0|         array|
|init_col_scr_local_0_d1        |  out|   16|   ap_memory|  init_col_scr_local_0|         array|
|init_col_scr_local_1_address0  |  out|    6|   ap_memory|  init_col_scr_local_1|         array|
|init_col_scr_local_1_ce0       |  out|    1|   ap_memory|  init_col_scr_local_1|         array|
|init_col_scr_local_1_we0       |  out|    1|   ap_memory|  init_col_scr_local_1|         array|
|init_col_scr_local_1_d0        |  out|   16|   ap_memory|  init_col_scr_local_1|         array|
|init_col_scr_local_1_q0        |   in|   16|   ap_memory|  init_col_scr_local_1|         array|
|init_col_scr_local_1_address1  |  out|    6|   ap_memory|  init_col_scr_local_1|         array|
|init_col_scr_local_1_ce1       |  out|    1|   ap_memory|  init_col_scr_local_1|         array|
|init_col_scr_local_1_we1       |  out|    1|   ap_memory|  init_col_scr_local_1|         array|
|init_col_scr_local_1_d1        |  out|   16|   ap_memory|  init_col_scr_local_1|         array|
|init_col_scr_local_2_address0  |  out|    6|   ap_memory|  init_col_scr_local_2|         array|
|init_col_scr_local_2_ce0       |  out|    1|   ap_memory|  init_col_scr_local_2|         array|
|init_col_scr_local_2_we0       |  out|    1|   ap_memory|  init_col_scr_local_2|         array|
|init_col_scr_local_2_d0        |  out|   16|   ap_memory|  init_col_scr_local_2|         array|
|init_col_scr_local_2_q0        |   in|   16|   ap_memory|  init_col_scr_local_2|         array|
|init_col_scr_local_2_address1  |  out|    6|   ap_memory|  init_col_scr_local_2|         array|
|init_col_scr_local_2_ce1       |  out|    1|   ap_memory|  init_col_scr_local_2|         array|
|init_col_scr_local_2_we1       |  out|    1|   ap_memory|  init_col_scr_local_2|         array|
|init_col_scr_local_2_d1        |  out|   16|   ap_memory|  init_col_scr_local_2|         array|
|init_col_scr_address0          |  out|    8|   ap_memory|          init_col_scr|         array|
|init_col_scr_ce0               |  out|    1|   ap_memory|          init_col_scr|         array|
|init_col_scr_q0                |   in|   48|   ap_memory|          init_col_scr|         array|
|init_col_scr_address1          |  out|    8|   ap_memory|          init_col_scr|         array|
|init_col_scr_ce1               |  out|    1|   ap_memory|          init_col_scr|         array|
|init_col_scr_q1                |   in|   48|   ap_memory|          init_col_scr|         array|
|idx                            |   in|    8|     ap_none|                   idx|        scalar|
+-------------------------------+-----+-----+------------+----------------------+--------------+

