

================================================================
== Vitis HLS Report for 'seq_align_multiple_Pipeline_VITIS_LOOP_93_318'
================================================================
* Date:           Mon Apr 10 17:48:58 2023

* Version:        2022.2 (Build 3670227 on Oct 13 2022)
* Project:        local_seq_align_multiple_sa_vitis
* Solution:       local_seq_align_multiple_sa_vitis (Vivado IP Flow Target)
* Product family: virtexuplus
* Target device:  xcvu5p-flva2104-1-e


================================================================
== Performance Estimates
================================================================
+ Timing: 
    * Summary: 
    +--------+----------+----------+------------+
    |  Clock |  Target  | Estimated| Uncertainty|
    +--------+----------+----------+------------+
    |ap_clk  |  10.00 ns|  1.316 ns|     2.70 ns|
    +--------+----------+----------+------------+

+ Latency: 
    * Summary: 
    +---------+---------+----------+----------+-----+-----+---------+
    |  Latency (cycles) |  Latency (absolute) |  Interval | Pipeline|
    |   min   |   max   |    min   |    max   | min | max |   Type  |
    +---------+---------+----------+----------+-----+-----+---------+
    |       66|       66|  0.660 us|  0.660 us|   66|   66|       no|
    +---------+---------+----------+----------+-----+-----+---------+

    + Detail: 
        * Instance: 
        N/A

        * Loop: 
        +-------------------+---------+---------+----------+-----------+-----------+------+----------+
        |                   |  Latency (cycles) | Iteration|  Initiation Interval  | Trip |          |
        |     Loop Name     |   min   |   max   |  Latency |  achieved |   target  | Count| Pipelined|
        +-------------------+---------+---------+----------+-----------+-----------+------+----------+
        |- VITIS_LOOP_93_3  |       64|       64|         2|          1|          1|    64|       yes|
        +-------------------+---------+---------+----------+-----------+-----------+------+----------+



================================================================
== Utilization Estimates
================================================================
* Summary: 
+---------------------+---------+------+---------+--------+-----+
|         Name        | BRAM_18K|  DSP |    FF   |   LUT  | URAM|
+---------------------+---------+------+---------+--------+-----+
|DSP                  |        -|     -|        -|       -|    -|
|Expression           |        -|     -|        0|     163|    -|
|FIFO                 |        -|     -|        -|       -|    -|
|Instance             |        -|     -|        -|       -|    -|
|Memory               |        -|     -|        -|       -|    -|
|Multiplexer          |        -|     -|        -|     612|    -|
|Register             |        -|     -|      144|       -|    -|
+---------------------+---------+------+---------+--------+-----+
|Total                |        0|     0|      144|     775|    0|
+---------------------+---------+------+---------+--------+-----+
|Available SLR        |     1024|  1737|   600577|  300288|  235|
+---------------------+---------+------+---------+--------+-----+
|Utilization SLR (%)  |        0|     0|       ~0|      ~0|    0|
+---------------------+---------+------+---------+--------+-----+
|Available            |     2048|  3474|  1201154|  600577|  470|
+---------------------+---------+------+---------+--------+-----+
|Utilization (%)      |        0|     0|       ~0|      ~0|    0|
+---------------------+---------+------+---------+--------+-----+

+ Detail: 
    * Instance: 
    N/A

    * DSP: 
    N/A

    * Memory: 
    N/A

    * FIFO: 
    N/A

    * Expression: 
    +----------------------+----------+----+---+----+------------+------------+
    |     Variable Name    | Operation| DSP| FF| LUT| Bitwidth P0| Bitwidth P1|
    +----------------------+----------+----+---+----+------------+------------+
    |add_ln93_fu_1775_p2   |         +|   0|  0|  14|           7|           1|
    |ap_condition_1002     |       and|   0|  0|   2|           1|           1|
    |ap_condition_1005     |       and|   0|  0|   2|           1|           1|
    |ap_condition_1008     |       and|   0|  0|   2|           1|           1|
    |ap_condition_1011     |       and|   0|  0|   2|           1|           1|
    |ap_condition_1014     |       and|   0|  0|   2|           1|           1|
    |ap_condition_1017     |       and|   0|  0|   2|           1|           1|
    |ap_condition_1020     |       and|   0|  0|   2|           1|           1|
    |ap_condition_1023     |       and|   0|  0|   2|           1|           1|
    |ap_condition_1026     |       and|   0|  0|   2|           1|           1|
    |ap_condition_1029     |       and|   0|  0|   2|           1|           1|
    |ap_condition_1032     |       and|   0|  0|   2|           1|           1|
    |ap_condition_1035     |       and|   0|  0|   2|           1|           1|
    |ap_condition_1038     |       and|   0|  0|   2|           1|           1|
    |ap_condition_1041     |       and|   0|  0|   2|           1|           1|
    |ap_condition_1044     |       and|   0|  0|   2|           1|           1|
    |ap_condition_1047     |       and|   0|  0|   2|           1|           1|
    |ap_condition_1050     |       and|   0|  0|   2|           1|           1|
    |ap_condition_1053     |       and|   0|  0|   2|           1|           1|
    |ap_condition_1056     |       and|   0|  0|   2|           1|           1|
    |ap_condition_1059     |       and|   0|  0|   2|           1|           1|
    |ap_condition_1062     |       and|   0|  0|   2|           1|           1|
    |ap_condition_1065     |       and|   0|  0|   2|           1|           1|
    |ap_condition_1068     |       and|   0|  0|   2|           1|           1|
    |ap_condition_1071     |       and|   0|  0|   2|           1|           1|
    |ap_condition_1074     |       and|   0|  0|   2|           1|           1|
    |ap_condition_1077     |       and|   0|  0|   2|           1|           1|
    |ap_condition_1080     |       and|   0|  0|   2|           1|           1|
    |ap_condition_1083     |       and|   0|  0|   2|           1|           1|
    |ap_condition_894      |       and|   0|  0|   2|           1|           1|
    |ap_condition_897      |       and|   0|  0|   2|           1|           1|
    |ap_condition_900      |       and|   0|  0|   2|           1|           1|
    |ap_condition_903      |       and|   0|  0|   2|           1|           1|
    |ap_condition_906      |       and|   0|  0|   2|           1|           1|
    |ap_condition_909      |       and|   0|  0|   2|           1|           1|
    |ap_condition_912      |       and|   0|  0|   2|           1|           1|
    |ap_condition_915      |       and|   0|  0|   2|           1|           1|
    |ap_condition_918      |       and|   0|  0|   2|           1|           1|
    |ap_condition_921      |       and|   0|  0|   2|           1|           1|
    |ap_condition_924      |       and|   0|  0|   2|           1|           1|
    |ap_condition_927      |       and|   0|  0|   2|           1|           1|
    |ap_condition_930      |       and|   0|  0|   2|           1|           1|
    |ap_condition_933      |       and|   0|  0|   2|           1|           1|
    |ap_condition_936      |       and|   0|  0|   2|           1|           1|
    |ap_condition_939      |       and|   0|  0|   2|           1|           1|
    |ap_condition_942      |       and|   0|  0|   2|           1|           1|
    |ap_condition_945      |       and|   0|  0|   2|           1|           1|
    |ap_condition_948      |       and|   0|  0|   2|           1|           1|
    |ap_condition_951      |       and|   0|  0|   2|           1|           1|
    |ap_condition_954      |       and|   0|  0|   2|           1|           1|
    |ap_condition_957      |       and|   0|  0|   2|           1|           1|
    |ap_condition_960      |       and|   0|  0|   2|           1|           1|
    |ap_condition_963      |       and|   0|  0|   2|           1|           1|
    |ap_condition_966      |       and|   0|  0|   2|           1|           1|
    |ap_condition_969      |       and|   0|  0|   2|           1|           1|
    |ap_condition_972      |       and|   0|  0|   2|           1|           1|
    |ap_condition_975      |       and|   0|  0|   2|           1|           1|
    |ap_condition_978      |       and|   0|  0|   2|           1|           1|
    |ap_condition_981      |       and|   0|  0|   2|           1|           1|
    |ap_condition_984      |       and|   0|  0|   2|           1|           1|
    |ap_condition_987      |       and|   0|  0|   2|           1|           1|
    |ap_condition_990      |       and|   0|  0|   2|           1|           1|
    |ap_condition_993      |       and|   0|  0|   2|           1|           1|
    |ap_condition_996      |       and|   0|  0|   2|           1|           1|
    |ap_condition_999      |       and|   0|  0|   2|           1|           1|
    |icmp_ln93_fu_1769_p2  |      icmp|   0|  0|  11|           7|           8|
    |ap_enable_pp0         |       xor|   0|  0|   2|           1|           2|
    |xor_ln94_fu_1781_p2   |       xor|   0|  0|   8|           7|           8|
    +----------------------+----------+----+---+----+------------+------------+
    |Total                 |          |   0|  0| 163|          86|          83|
    +----------------------+----------+----+---+----+------------+------------+

    * Multiplexer: 
    +--------------------------------+----+-----------+-----+-----------+
    |              Name              | LUT| Input Size| Bits| Total Bits|
    +--------------------------------+----+-----------+-----+-----------+
    |ap_done_int                     |   9|          2|    1|          2|
    |ap_enable_reg_pp0_iter1         |   9|          2|    1|          2|
    |ap_sig_allocacmp_i_4            |   9|          2|    7|         14|
    |i_fu_336                        |   9|          2|    7|         14|
    |local_reference_V_1_259_fu_344  |   9|          2|    2|          4|
    |local_reference_V_1_260_fu_348  |   9|          2|    2|          4|
    |local_reference_V_1_261_fu_352  |   9|          2|    2|          4|
    |local_reference_V_1_262_fu_356  |   9|          2|    2|          4|
    |local_reference_V_1_263_fu_360  |   9|          2|    2|          4|
    |local_reference_V_1_264_fu_364  |   9|          2|    2|          4|
    |local_reference_V_1_265_fu_368  |   9|          2|    2|          4|
    |local_reference_V_1_266_fu_372  |   9|          2|    2|          4|
    |local_reference_V_1_267_fu_376  |   9|          2|    2|          4|
    |local_reference_V_1_268_fu_380  |   9|          2|    2|          4|
    |local_reference_V_1_269_fu_384  |   9|          2|    2|          4|
    |local_reference_V_1_270_fu_388  |   9|          2|    2|          4|
    |local_reference_V_1_271_fu_392  |   9|          2|    2|          4|
    |local_reference_V_1_272_fu_396  |   9|          2|    2|          4|
    |local_reference_V_1_273_fu_400  |   9|          2|    2|          4|
    |local_reference_V_1_274_fu_404  |   9|          2|    2|          4|
    |local_reference_V_1_275_fu_408  |   9|          2|    2|          4|
    |local_reference_V_1_276_fu_412  |   9|          2|    2|          4|
    |local_reference_V_1_277_fu_416  |   9|          2|    2|          4|
    |local_reference_V_1_278_fu_420  |   9|          2|    2|          4|
    |local_reference_V_1_279_fu_424  |   9|          2|    2|          4|
    |local_reference_V_1_280_fu_428  |   9|          2|    2|          4|
    |local_reference_V_1_281_fu_432  |   9|          2|    2|          4|
    |local_reference_V_1_282_fu_436  |   9|          2|    2|          4|
    |local_reference_V_1_283_fu_440  |   9|          2|    2|          4|
    |local_reference_V_1_284_fu_444  |   9|          2|    2|          4|
    |local_reference_V_1_285_fu_448  |   9|          2|    2|          4|
    |local_reference_V_1_286_fu_452  |   9|          2|    2|          4|
    |local_reference_V_1_287_fu_456  |   9|          2|    2|          4|
    |local_reference_V_1_288_fu_460  |   9|          2|    2|          4|
    |local_reference_V_1_289_fu_464  |   9|          2|    2|          4|
    |local_reference_V_1_290_fu_468  |   9|          2|    2|          4|
    |local_reference_V_1_291_fu_472  |   9|          2|    2|          4|
    |local_reference_V_1_292_fu_476  |   9|          2|    2|          4|
    |local_reference_V_1_293_fu_480  |   9|          2|    2|          4|
    |local_reference_V_1_294_fu_484  |   9|          2|    2|          4|
    |local_reference_V_1_295_fu_488  |   9|          2|    2|          4|
    |local_reference_V_1_296_fu_492  |   9|          2|    2|          4|
    |local_reference_V_1_297_fu_496  |   9|          2|    2|          4|
    |local_reference_V_1_298_fu_500  |   9|          2|    2|          4|
    |local_reference_V_1_299_fu_504  |   9|          2|    2|          4|
    |local_reference_V_1_300_fu_508  |   9|          2|    2|          4|
    |local_reference_V_1_301_fu_512  |   9|          2|    2|          4|
    |local_reference_V_1_302_fu_516  |   9|          2|    2|          4|
    |local_reference_V_1_303_fu_520  |   9|          2|    2|          4|
    |local_reference_V_1_304_fu_524  |   9|          2|    2|          4|
    |local_reference_V_1_305_fu_528  |   9|          2|    2|          4|
    |local_reference_V_1_306_fu_532  |   9|          2|    2|          4|
    |local_reference_V_1_307_fu_536  |   9|          2|    2|          4|
    |local_reference_V_1_308_fu_540  |   9|          2|    2|          4|
    |local_reference_V_1_309_fu_544  |   9|          2|    2|          4|
    |local_reference_V_1_310_fu_548  |   9|          2|    2|          4|
    |local_reference_V_1_311_fu_552  |   9|          2|    2|          4|
    |local_reference_V_1_312_fu_556  |   9|          2|    2|          4|
    |local_reference_V_1_313_fu_560  |   9|          2|    2|          4|
    |local_reference_V_1_314_fu_564  |   9|          2|    2|          4|
    |local_reference_V_1_315_fu_568  |   9|          2|    2|          4|
    |local_reference_V_1_316_fu_572  |   9|          2|    2|          4|
    |local_reference_V_1_317_fu_576  |   9|          2|    2|          4|
    |local_reference_V_1_318_fu_580  |   9|          2|    2|          4|
    |local_reference_V_1_319_fu_584  |   9|          2|    2|          4|
    |local_reference_V_1_320_fu_588  |   9|          2|    2|          4|
    |local_reference_V_1_321_fu_592  |   9|          2|    2|          4|
    |local_reference_V_1_fu_340      |   9|          2|    2|          4|
    +--------------------------------+----+-----------+-----+-----------+
    |Total                           | 612|        136|  144|        288|
    +--------------------------------+----+-----------+-----+-----------+

    * Register: 
    +--------------------------------+---+----+-----+-----------+
    |              Name              | FF| LUT| Bits| Const Bits|
    +--------------------------------+---+----+-----+-----------+
    |ap_CS_fsm                       |  1|   0|    1|          0|
    |ap_done_reg                     |  1|   0|    1|          0|
    |ap_enable_reg_pp0_iter1         |  1|   0|    1|          0|
    |i_fu_336                        |  7|   0|    7|          0|
    |local_reference_V_1_259_fu_344  |  2|   0|    2|          0|
    |local_reference_V_1_260_fu_348  |  2|   0|    2|          0|
    |local_reference_V_1_261_fu_352  |  2|   0|    2|          0|
    |local_reference_V_1_262_fu_356  |  2|   0|    2|          0|
    |local_reference_V_1_263_fu_360  |  2|   0|    2|          0|
    |local_reference_V_1_264_fu_364  |  2|   0|    2|          0|
    |local_reference_V_1_265_fu_368  |  2|   0|    2|          0|
    |local_reference_V_1_266_fu_372  |  2|   0|    2|          0|
    |local_reference_V_1_267_fu_376  |  2|   0|    2|          0|
    |local_reference_V_1_268_fu_380  |  2|   0|    2|          0|
    |local_reference_V_1_269_fu_384  |  2|   0|    2|          0|
    |local_reference_V_1_270_fu_388  |  2|   0|    2|          0|
    |local_reference_V_1_271_fu_392  |  2|   0|    2|          0|
    |local_reference_V_1_272_fu_396  |  2|   0|    2|          0|
    |local_reference_V_1_273_fu_400  |  2|   0|    2|          0|
    |local_reference_V_1_274_fu_404  |  2|   0|    2|          0|
    |local_reference_V_1_275_fu_408  |  2|   0|    2|          0|
    |local_reference_V_1_276_fu_412  |  2|   0|    2|          0|
    |local_reference_V_1_277_fu_416  |  2|   0|    2|          0|
    |local_reference_V_1_278_fu_420  |  2|   0|    2|          0|
    |local_reference_V_1_279_fu_424  |  2|   0|    2|          0|
    |local_reference_V_1_280_fu_428  |  2|   0|    2|          0|
    |local_reference_V_1_281_fu_432  |  2|   0|    2|          0|
    |local_reference_V_1_282_fu_436  |  2|   0|    2|          0|
    |local_reference_V_1_283_fu_440  |  2|   0|    2|          0|
    |local_reference_V_1_284_fu_444  |  2|   0|    2|          0|
    |local_reference_V_1_285_fu_448  |  2|   0|    2|          0|
    |local_reference_V_1_286_fu_452  |  2|   0|    2|          0|
    |local_reference_V_1_287_fu_456  |  2|   0|    2|          0|
    |local_reference_V_1_288_fu_460  |  2|   0|    2|          0|
    |local_reference_V_1_289_fu_464  |  2|   0|    2|          0|
    |local_reference_V_1_290_fu_468  |  2|   0|    2|          0|
    |local_reference_V_1_291_fu_472  |  2|   0|    2|          0|
    |local_reference_V_1_292_fu_476  |  2|   0|    2|          0|
    |local_reference_V_1_293_fu_480  |  2|   0|    2|          0|
    |local_reference_V_1_294_fu_484  |  2|   0|    2|          0|
    |local_reference_V_1_295_fu_488  |  2|   0|    2|          0|
    |local_reference_V_1_296_fu_492  |  2|   0|    2|          0|
    |local_reference_V_1_297_fu_496  |  2|   0|    2|          0|
    |local_reference_V_1_298_fu_500  |  2|   0|    2|          0|
    |local_reference_V_1_299_fu_504  |  2|   0|    2|          0|
    |local_reference_V_1_300_fu_508  |  2|   0|    2|          0|
    |local_reference_V_1_301_fu_512  |  2|   0|    2|          0|
    |local_reference_V_1_302_fu_516  |  2|   0|    2|          0|
    |local_reference_V_1_303_fu_520  |  2|   0|    2|          0|
    |local_reference_V_1_304_fu_524  |  2|   0|    2|          0|
    |local_reference_V_1_305_fu_528  |  2|   0|    2|          0|
    |local_reference_V_1_306_fu_532  |  2|   0|    2|          0|
    |local_reference_V_1_307_fu_536  |  2|   0|    2|          0|
    |local_reference_V_1_308_fu_540  |  2|   0|    2|          0|
    |local_reference_V_1_309_fu_544  |  2|   0|    2|          0|
    |local_reference_V_1_310_fu_548  |  2|   0|    2|          0|
    |local_reference_V_1_311_fu_552  |  2|   0|    2|          0|
    |local_reference_V_1_312_fu_556  |  2|   0|    2|          0|
    |local_reference_V_1_313_fu_560  |  2|   0|    2|          0|
    |local_reference_V_1_314_fu_564  |  2|   0|    2|          0|
    |local_reference_V_1_315_fu_568  |  2|   0|    2|          0|
    |local_reference_V_1_316_fu_572  |  2|   0|    2|          0|
    |local_reference_V_1_317_fu_576  |  2|   0|    2|          0|
    |local_reference_V_1_318_fu_580  |  2|   0|    2|          0|
    |local_reference_V_1_319_fu_584  |  2|   0|    2|          0|
    |local_reference_V_1_320_fu_588  |  2|   0|    2|          0|
    |local_reference_V_1_321_fu_592  |  2|   0|    2|          0|
    |local_reference_V_1_fu_340      |  2|   0|    2|          0|
    |trunc_ln94_reg_2854             |  4|   0|    4|          0|
    |trunc_ln94_s_reg_2850           |  2|   0|    2|          0|
    +--------------------------------+---+----+-----+-----------+
    |Total                           |144|   0|  144|          0|
    +--------------------------------+---+----+-----+-----------+



================================================================
== Interface
================================================================
* Summary: 
+--------------------------------------+-----+-----+------------+-----------------------------------------------+--------------+
|               RTL Ports              | Dir | Bits|  Protocol  |                 Source Object                 |    C Type    |
+--------------------------------------+-----+-----+------------+-----------------------------------------------+--------------+
|ap_clk                                |   in|    1|  ap_ctrl_hs|  seq_align_multiple_Pipeline_VITIS_LOOP_93_318|  return value|
|ap_rst                                |   in|    1|  ap_ctrl_hs|  seq_align_multiple_Pipeline_VITIS_LOOP_93_318|  return value|
|ap_start                              |   in|    1|  ap_ctrl_hs|  seq_align_multiple_Pipeline_VITIS_LOOP_93_318|  return value|
|ap_done                               |  out|    1|  ap_ctrl_hs|  seq_align_multiple_Pipeline_VITIS_LOOP_93_318|  return value|
|ap_idle                               |  out|    1|  ap_ctrl_hs|  seq_align_multiple_Pipeline_VITIS_LOOP_93_318|  return value|
|ap_ready                              |  out|    1|  ap_ctrl_hs|  seq_align_multiple_Pipeline_VITIS_LOOP_93_318|  return value|
|local_reference_V_3_15_12_reload      |   in|    2|     ap_none|               local_reference_V_3_15_12_reload|        scalar|
|local_reference_V_2_15_12_reload      |   in|    2|     ap_none|               local_reference_V_2_15_12_reload|        scalar|
|local_reference_V_1_15_12_reload      |   in|    2|     ap_none|               local_reference_V_1_15_12_reload|        scalar|
|local_reference_V_0_15_12_reload      |   in|    2|     ap_none|               local_reference_V_0_15_12_reload|        scalar|
|local_reference_V_3_14_12_reload      |   in|    2|     ap_none|               local_reference_V_3_14_12_reload|        scalar|
|local_reference_V_2_14_12_reload      |   in|    2|     ap_none|               local_reference_V_2_14_12_reload|        scalar|
|local_reference_V_1_14_12_reload      |   in|    2|     ap_none|               local_reference_V_1_14_12_reload|        scalar|
|local_reference_V_0_14_12_reload      |   in|    2|     ap_none|               local_reference_V_0_14_12_reload|        scalar|
|local_reference_V_3_13_12_reload      |   in|    2|     ap_none|               local_reference_V_3_13_12_reload|        scalar|
|local_reference_V_2_13_12_reload      |   in|    2|     ap_none|               local_reference_V_2_13_12_reload|        scalar|
|local_reference_V_1_13_12_reload      |   in|    2|     ap_none|               local_reference_V_1_13_12_reload|        scalar|
|local_reference_V_0_13_12_reload      |   in|    2|     ap_none|               local_reference_V_0_13_12_reload|        scalar|
|local_reference_V_3_12_12_reload      |   in|    2|     ap_none|               local_reference_V_3_12_12_reload|        scalar|
|local_reference_V_2_12_12_reload      |   in|    2|     ap_none|               local_reference_V_2_12_12_reload|        scalar|
|local_reference_V_1_12_12_reload      |   in|    2|     ap_none|               local_reference_V_1_12_12_reload|        scalar|
|local_reference_V_0_12_12_reload      |   in|    2|     ap_none|               local_reference_V_0_12_12_reload|        scalar|
|local_reference_V_3_11_12_reload      |   in|    2|     ap_none|               local_reference_V_3_11_12_reload|        scalar|
|local_reference_V_2_11_12_reload      |   in|    2|     ap_none|               local_reference_V_2_11_12_reload|        scalar|
|local_reference_V_1_11_12_reload      |   in|    2|     ap_none|               local_reference_V_1_11_12_reload|        scalar|
|local_reference_V_0_11_12_reload      |   in|    2|     ap_none|               local_reference_V_0_11_12_reload|        scalar|
|local_reference_V_3_10_12_reload      |   in|    2|     ap_none|               local_reference_V_3_10_12_reload|        scalar|
|local_reference_V_2_10_12_reload      |   in|    2|     ap_none|               local_reference_V_2_10_12_reload|        scalar|
|local_reference_V_1_10_12_reload      |   in|    2|     ap_none|               local_reference_V_1_10_12_reload|        scalar|
|local_reference_V_0_10_12_reload      |   in|    2|     ap_none|               local_reference_V_0_10_12_reload|        scalar|
|local_reference_V_3_9_12_reload       |   in|    2|     ap_none|                local_reference_V_3_9_12_reload|        scalar|
|local_reference_V_2_9_12_reload       |   in|    2|     ap_none|                local_reference_V_2_9_12_reload|        scalar|
|local_reference_V_1_9_12_reload       |   in|    2|     ap_none|                local_reference_V_1_9_12_reload|        scalar|
|local_reference_V_0_9_12_reload       |   in|    2|     ap_none|                local_reference_V_0_9_12_reload|        scalar|
|local_reference_V_3_8_12_reload       |   in|    2|     ap_none|                local_reference_V_3_8_12_reload|        scalar|
|local_reference_V_2_8_12_reload       |   in|    2|     ap_none|                local_reference_V_2_8_12_reload|        scalar|
|local_reference_V_1_8_12_reload       |   in|    2|     ap_none|                local_reference_V_1_8_12_reload|        scalar|
|local_reference_V_0_8_12_reload       |   in|    2|     ap_none|                local_reference_V_0_8_12_reload|        scalar|
|local_reference_V_3_7_12_reload       |   in|    2|     ap_none|                local_reference_V_3_7_12_reload|        scalar|
|local_reference_V_2_7_12_reload       |   in|    2|     ap_none|                local_reference_V_2_7_12_reload|        scalar|
|local_reference_V_1_7_12_reload       |   in|    2|     ap_none|                local_reference_V_1_7_12_reload|        scalar|
|local_reference_V_0_7_12_reload       |   in|    2|     ap_none|                local_reference_V_0_7_12_reload|        scalar|
|local_reference_V_3_6_12_reload       |   in|    2|     ap_none|                local_reference_V_3_6_12_reload|        scalar|
|local_reference_V_2_6_12_reload       |   in|    2|     ap_none|                local_reference_V_2_6_12_reload|        scalar|
|local_reference_V_1_6_12_reload       |   in|    2|     ap_none|                local_reference_V_1_6_12_reload|        scalar|
|local_reference_V_0_6_12_reload       |   in|    2|     ap_none|                local_reference_V_0_6_12_reload|        scalar|
|local_reference_V_3_5_12_reload       |   in|    2|     ap_none|                local_reference_V_3_5_12_reload|        scalar|
|local_reference_V_2_5_12_reload       |   in|    2|     ap_none|                local_reference_V_2_5_12_reload|        scalar|
|local_reference_V_1_5_12_reload       |   in|    2|     ap_none|                local_reference_V_1_5_12_reload|        scalar|
|local_reference_V_0_5_12_reload       |   in|    2|     ap_none|                local_reference_V_0_5_12_reload|        scalar|
|local_reference_V_3_4_12_reload       |   in|    2|     ap_none|                local_reference_V_3_4_12_reload|        scalar|
|local_reference_V_2_4_12_reload       |   in|    2|     ap_none|                local_reference_V_2_4_12_reload|        scalar|
|local_reference_V_1_4_12_reload       |   in|    2|     ap_none|                local_reference_V_1_4_12_reload|        scalar|
|local_reference_V_0_4_12_reload       |   in|    2|     ap_none|                local_reference_V_0_4_12_reload|        scalar|
|local_reference_V_3_3_12_reload       |   in|    2|     ap_none|                local_reference_V_3_3_12_reload|        scalar|
|local_reference_V_2_3_12_reload       |   in|    2|     ap_none|                local_reference_V_2_3_12_reload|        scalar|
|local_reference_V_1_3_12_reload       |   in|    2|     ap_none|                local_reference_V_1_3_12_reload|        scalar|
|local_reference_V_0_3_12_reload       |   in|    2|     ap_none|                local_reference_V_0_3_12_reload|        scalar|
|local_reference_V_3_2_12_reload       |   in|    2|     ap_none|                local_reference_V_3_2_12_reload|        scalar|
|local_reference_V_2_2_12_reload       |   in|    2|     ap_none|                local_reference_V_2_2_12_reload|        scalar|
|local_reference_V_1_2_12_reload       |   in|    2|     ap_none|                local_reference_V_1_2_12_reload|        scalar|
|local_reference_V_0_2_12_reload       |   in|    2|     ap_none|                local_reference_V_0_2_12_reload|        scalar|
|local_reference_V_3_1_12_reload       |   in|    2|     ap_none|                local_reference_V_3_1_12_reload|        scalar|
|local_reference_V_2_1_12_reload       |   in|    2|     ap_none|                local_reference_V_2_1_12_reload|        scalar|
|local_reference_V_1_1_12_reload       |   in|    2|     ap_none|                local_reference_V_1_1_12_reload|        scalar|
|local_reference_V_0_1_12_reload       |   in|    2|     ap_none|                local_reference_V_0_1_12_reload|        scalar|
|local_reference_V_3_1263_reload       |   in|    2|     ap_none|                local_reference_V_3_1263_reload|        scalar|
|local_reference_V_2_1248_reload       |   in|    2|     ap_none|                local_reference_V_2_1248_reload|        scalar|
|local_reference_V_1_1233_reload       |   in|    2|     ap_none|                local_reference_V_1_1233_reload|        scalar|
|local_reference_V_0_1217_reload       |   in|    2|     ap_none|                local_reference_V_0_1217_reload|        scalar|
|reference_string_comp_2_address0      |  out|    7|   ap_memory|                        reference_string_comp_2|         array|
|reference_string_comp_2_ce0           |  out|    1|   ap_memory|                        reference_string_comp_2|         array|
|reference_string_comp_2_q0            |   in|    2|   ap_memory|                        reference_string_comp_2|         array|
|local_reference_V_3_15_15_out         |  out|    2|      ap_vld|                  local_reference_V_3_15_15_out|       pointer|
|local_reference_V_3_15_15_out_ap_vld  |  out|    1|      ap_vld|                  local_reference_V_3_15_15_out|       pointer|
|local_reference_V_2_15_15_out         |  out|    2|      ap_vld|                  local_reference_V_2_15_15_out|       pointer|
|local_reference_V_2_15_15_out_ap_vld  |  out|    1|      ap_vld|                  local_reference_V_2_15_15_out|       pointer|
|local_reference_V_1_15_15_out         |  out|    2|      ap_vld|                  local_reference_V_1_15_15_out|       pointer|
|local_reference_V_1_15_15_out_ap_vld  |  out|    1|      ap_vld|                  local_reference_V_1_15_15_out|       pointer|
|local_reference_V_0_15_15_out         |  out|    2|      ap_vld|                  local_reference_V_0_15_15_out|       pointer|
|local_reference_V_0_15_15_out_ap_vld  |  out|    1|      ap_vld|                  local_reference_V_0_15_15_out|       pointer|
|local_reference_V_3_14_15_out         |  out|    2|      ap_vld|                  local_reference_V_3_14_15_out|       pointer|
|local_reference_V_3_14_15_out_ap_vld  |  out|    1|      ap_vld|                  local_reference_V_3_14_15_out|       pointer|
|local_reference_V_2_14_15_out         |  out|    2|      ap_vld|                  local_reference_V_2_14_15_out|       pointer|
|local_reference_V_2_14_15_out_ap_vld  |  out|    1|      ap_vld|                  local_reference_V_2_14_15_out|       pointer|
|local_reference_V_1_14_15_out         |  out|    2|      ap_vld|                  local_reference_V_1_14_15_out|       pointer|
|local_reference_V_1_14_15_out_ap_vld  |  out|    1|      ap_vld|                  local_reference_V_1_14_15_out|       pointer|
|local_reference_V_0_14_15_out         |  out|    2|      ap_vld|                  local_reference_V_0_14_15_out|       pointer|
|local_reference_V_0_14_15_out_ap_vld  |  out|    1|      ap_vld|                  local_reference_V_0_14_15_out|       pointer|
|local_reference_V_3_13_15_out         |  out|    2|      ap_vld|                  local_reference_V_3_13_15_out|       pointer|
|local_reference_V_3_13_15_out_ap_vld  |  out|    1|      ap_vld|                  local_reference_V_3_13_15_out|       pointer|
|local_reference_V_2_13_15_out         |  out|    2|      ap_vld|                  local_reference_V_2_13_15_out|       pointer|
|local_reference_V_2_13_15_out_ap_vld  |  out|    1|      ap_vld|                  local_reference_V_2_13_15_out|       pointer|
|local_reference_V_1_13_15_out         |  out|    2|      ap_vld|                  local_reference_V_1_13_15_out|       pointer|
|local_reference_V_1_13_15_out_ap_vld  |  out|    1|      ap_vld|                  local_reference_V_1_13_15_out|       pointer|
|local_reference_V_0_13_15_out         |  out|    2|      ap_vld|                  local_reference_V_0_13_15_out|       pointer|
|local_reference_V_0_13_15_out_ap_vld  |  out|    1|      ap_vld|                  local_reference_V_0_13_15_out|       pointer|
|local_reference_V_3_12_15_out         |  out|    2|      ap_vld|                  local_reference_V_3_12_15_out|       pointer|
|local_reference_V_3_12_15_out_ap_vld  |  out|    1|      ap_vld|                  local_reference_V_3_12_15_out|       pointer|
|local_reference_V_2_12_15_out         |  out|    2|      ap_vld|                  local_reference_V_2_12_15_out|       pointer|
|local_reference_V_2_12_15_out_ap_vld  |  out|    1|      ap_vld|                  local_reference_V_2_12_15_out|       pointer|
|local_reference_V_1_12_15_out         |  out|    2|      ap_vld|                  local_reference_V_1_12_15_out|       pointer|
|local_reference_V_1_12_15_out_ap_vld  |  out|    1|      ap_vld|                  local_reference_V_1_12_15_out|       pointer|
|local_reference_V_0_12_15_out         |  out|    2|      ap_vld|                  local_reference_V_0_12_15_out|       pointer|
|local_reference_V_0_12_15_out_ap_vld  |  out|    1|      ap_vld|                  local_reference_V_0_12_15_out|       pointer|
|local_reference_V_3_11_15_out         |  out|    2|      ap_vld|                  local_reference_V_3_11_15_out|       pointer|
|local_reference_V_3_11_15_out_ap_vld  |  out|    1|      ap_vld|                  local_reference_V_3_11_15_out|       pointer|
|local_reference_V_2_11_15_out         |  out|    2|      ap_vld|                  local_reference_V_2_11_15_out|       pointer|
|local_reference_V_2_11_15_out_ap_vld  |  out|    1|      ap_vld|                  local_reference_V_2_11_15_out|       pointer|
|local_reference_V_1_11_15_out         |  out|    2|      ap_vld|                  local_reference_V_1_11_15_out|       pointer|
|local_reference_V_1_11_15_out_ap_vld  |  out|    1|      ap_vld|                  local_reference_V_1_11_15_out|       pointer|
|local_reference_V_0_11_15_out         |  out|    2|      ap_vld|                  local_reference_V_0_11_15_out|       pointer|
|local_reference_V_0_11_15_out_ap_vld  |  out|    1|      ap_vld|                  local_reference_V_0_11_15_out|       pointer|
|local_reference_V_3_10_15_out         |  out|    2|      ap_vld|                  local_reference_V_3_10_15_out|       pointer|
|local_reference_V_3_10_15_out_ap_vld  |  out|    1|      ap_vld|                  local_reference_V_3_10_15_out|       pointer|
|local_reference_V_2_10_15_out         |  out|    2|      ap_vld|                  local_reference_V_2_10_15_out|       pointer|
|local_reference_V_2_10_15_out_ap_vld  |  out|    1|      ap_vld|                  local_reference_V_2_10_15_out|       pointer|
|local_reference_V_1_10_15_out         |  out|    2|      ap_vld|                  local_reference_V_1_10_15_out|       pointer|
|local_reference_V_1_10_15_out_ap_vld  |  out|    1|      ap_vld|                  local_reference_V_1_10_15_out|       pointer|
|local_reference_V_0_10_15_out         |  out|    2|      ap_vld|                  local_reference_V_0_10_15_out|       pointer|
|local_reference_V_0_10_15_out_ap_vld  |  out|    1|      ap_vld|                  local_reference_V_0_10_15_out|       pointer|
|local_reference_V_3_9_15_out          |  out|    2|      ap_vld|                   local_reference_V_3_9_15_out|       pointer|
|local_reference_V_3_9_15_out_ap_vld   |  out|    1|      ap_vld|                   local_reference_V_3_9_15_out|       pointer|
|local_reference_V_2_9_15_out          |  out|    2|      ap_vld|                   local_reference_V_2_9_15_out|       pointer|
|local_reference_V_2_9_15_out_ap_vld   |  out|    1|      ap_vld|                   local_reference_V_2_9_15_out|       pointer|
|local_reference_V_1_9_15_out          |  out|    2|      ap_vld|                   local_reference_V_1_9_15_out|       pointer|
|local_reference_V_1_9_15_out_ap_vld   |  out|    1|      ap_vld|                   local_reference_V_1_9_15_out|       pointer|
|local_reference_V_0_9_15_out          |  out|    2|      ap_vld|                   local_reference_V_0_9_15_out|       pointer|
|local_reference_V_0_9_15_out_ap_vld   |  out|    1|      ap_vld|                   local_reference_V_0_9_15_out|       pointer|
|local_reference_V_3_8_15_out          |  out|    2|      ap_vld|                   local_reference_V_3_8_15_out|       pointer|
|local_reference_V_3_8_15_out_ap_vld   |  out|    1|      ap_vld|                   local_reference_V_3_8_15_out|       pointer|
|local_reference_V_2_8_15_out          |  out|    2|      ap_vld|                   local_reference_V_2_8_15_out|       pointer|
|local_reference_V_2_8_15_out_ap_vld   |  out|    1|      ap_vld|                   local_reference_V_2_8_15_out|       pointer|
|local_reference_V_1_8_15_out          |  out|    2|      ap_vld|                   local_reference_V_1_8_15_out|       pointer|
|local_reference_V_1_8_15_out_ap_vld   |  out|    1|      ap_vld|                   local_reference_V_1_8_15_out|       pointer|
|local_reference_V_0_8_15_out          |  out|    2|      ap_vld|                   local_reference_V_0_8_15_out|       pointer|
|local_reference_V_0_8_15_out_ap_vld   |  out|    1|      ap_vld|                   local_reference_V_0_8_15_out|       pointer|
|local_reference_V_3_7_15_out          |  out|    2|      ap_vld|                   local_reference_V_3_7_15_out|       pointer|
|local_reference_V_3_7_15_out_ap_vld   |  out|    1|      ap_vld|                   local_reference_V_3_7_15_out|       pointer|
|local_reference_V_2_7_15_out          |  out|    2|      ap_vld|                   local_reference_V_2_7_15_out|       pointer|
|local_reference_V_2_7_15_out_ap_vld   |  out|    1|      ap_vld|                   local_reference_V_2_7_15_out|       pointer|
|local_reference_V_1_7_15_out          |  out|    2|      ap_vld|                   local_reference_V_1_7_15_out|       pointer|
|local_reference_V_1_7_15_out_ap_vld   |  out|    1|      ap_vld|                   local_reference_V_1_7_15_out|       pointer|
|local_reference_V_0_7_15_out          |  out|    2|      ap_vld|                   local_reference_V_0_7_15_out|       pointer|
|local_reference_V_0_7_15_out_ap_vld   |  out|    1|      ap_vld|                   local_reference_V_0_7_15_out|       pointer|
|local_reference_V_3_6_15_out          |  out|    2|      ap_vld|                   local_reference_V_3_6_15_out|       pointer|
|local_reference_V_3_6_15_out_ap_vld   |  out|    1|      ap_vld|                   local_reference_V_3_6_15_out|       pointer|
|local_reference_V_2_6_15_out          |  out|    2|      ap_vld|                   local_reference_V_2_6_15_out|       pointer|
|local_reference_V_2_6_15_out_ap_vld   |  out|    1|      ap_vld|                   local_reference_V_2_6_15_out|       pointer|
|local_reference_V_1_6_15_out          |  out|    2|      ap_vld|                   local_reference_V_1_6_15_out|       pointer|
|local_reference_V_1_6_15_out_ap_vld   |  out|    1|      ap_vld|                   local_reference_V_1_6_15_out|       pointer|
|local_reference_V_0_6_15_out          |  out|    2|      ap_vld|                   local_reference_V_0_6_15_out|       pointer|
|local_reference_V_0_6_15_out_ap_vld   |  out|    1|      ap_vld|                   local_reference_V_0_6_15_out|       pointer|
|local_reference_V_3_5_15_out          |  out|    2|      ap_vld|                   local_reference_V_3_5_15_out|       pointer|
|local_reference_V_3_5_15_out_ap_vld   |  out|    1|      ap_vld|                   local_reference_V_3_5_15_out|       pointer|
|local_reference_V_2_5_15_out          |  out|    2|      ap_vld|                   local_reference_V_2_5_15_out|       pointer|
|local_reference_V_2_5_15_out_ap_vld   |  out|    1|      ap_vld|                   local_reference_V_2_5_15_out|       pointer|
|local_reference_V_1_5_15_out          |  out|    2|      ap_vld|                   local_reference_V_1_5_15_out|       pointer|
|local_reference_V_1_5_15_out_ap_vld   |  out|    1|      ap_vld|                   local_reference_V_1_5_15_out|       pointer|
|local_reference_V_0_5_15_out          |  out|    2|      ap_vld|                   local_reference_V_0_5_15_out|       pointer|
|local_reference_V_0_5_15_out_ap_vld   |  out|    1|      ap_vld|                   local_reference_V_0_5_15_out|       pointer|
|local_reference_V_3_4_15_out          |  out|    2|      ap_vld|                   local_reference_V_3_4_15_out|       pointer|
|local_reference_V_3_4_15_out_ap_vld   |  out|    1|      ap_vld|                   local_reference_V_3_4_15_out|       pointer|
|local_reference_V_2_4_15_out          |  out|    2|      ap_vld|                   local_reference_V_2_4_15_out|       pointer|
|local_reference_V_2_4_15_out_ap_vld   |  out|    1|      ap_vld|                   local_reference_V_2_4_15_out|       pointer|
|local_reference_V_1_4_15_out          |  out|    2|      ap_vld|                   local_reference_V_1_4_15_out|       pointer|
|local_reference_V_1_4_15_out_ap_vld   |  out|    1|      ap_vld|                   local_reference_V_1_4_15_out|       pointer|
|local_reference_V_0_4_15_out          |  out|    2|      ap_vld|                   local_reference_V_0_4_15_out|       pointer|
|local_reference_V_0_4_15_out_ap_vld   |  out|    1|      ap_vld|                   local_reference_V_0_4_15_out|       pointer|
|local_reference_V_3_3_15_out          |  out|    2|      ap_vld|                   local_reference_V_3_3_15_out|       pointer|
|local_reference_V_3_3_15_out_ap_vld   |  out|    1|      ap_vld|                   local_reference_V_3_3_15_out|       pointer|
|local_reference_V_2_3_15_out          |  out|    2|      ap_vld|                   local_reference_V_2_3_15_out|       pointer|
|local_reference_V_2_3_15_out_ap_vld   |  out|    1|      ap_vld|                   local_reference_V_2_3_15_out|       pointer|
|local_reference_V_1_3_15_out          |  out|    2|      ap_vld|                   local_reference_V_1_3_15_out|       pointer|
|local_reference_V_1_3_15_out_ap_vld   |  out|    1|      ap_vld|                   local_reference_V_1_3_15_out|       pointer|
|local_reference_V_0_3_15_out          |  out|    2|      ap_vld|                   local_reference_V_0_3_15_out|       pointer|
|local_reference_V_0_3_15_out_ap_vld   |  out|    1|      ap_vld|                   local_reference_V_0_3_15_out|       pointer|
|local_reference_V_3_2_15_out          |  out|    2|      ap_vld|                   local_reference_V_3_2_15_out|       pointer|
|local_reference_V_3_2_15_out_ap_vld   |  out|    1|      ap_vld|                   local_reference_V_3_2_15_out|       pointer|
|local_reference_V_2_2_15_out          |  out|    2|      ap_vld|                   local_reference_V_2_2_15_out|       pointer|
|local_reference_V_2_2_15_out_ap_vld   |  out|    1|      ap_vld|                   local_reference_V_2_2_15_out|       pointer|
|local_reference_V_1_2_15_out          |  out|    2|      ap_vld|                   local_reference_V_1_2_15_out|       pointer|
|local_reference_V_1_2_15_out_ap_vld   |  out|    1|      ap_vld|                   local_reference_V_1_2_15_out|       pointer|
|local_reference_V_0_2_15_out          |  out|    2|      ap_vld|                   local_reference_V_0_2_15_out|       pointer|
|local_reference_V_0_2_15_out_ap_vld   |  out|    1|      ap_vld|                   local_reference_V_0_2_15_out|       pointer|
|local_reference_V_3_1_15_out          |  out|    2|      ap_vld|                   local_reference_V_3_1_15_out|       pointer|
|local_reference_V_3_1_15_out_ap_vld   |  out|    1|      ap_vld|                   local_reference_V_3_1_15_out|       pointer|
|local_reference_V_2_1_15_out          |  out|    2|      ap_vld|                   local_reference_V_2_1_15_out|       pointer|
|local_reference_V_2_1_15_out_ap_vld   |  out|    1|      ap_vld|                   local_reference_V_2_1_15_out|       pointer|
|local_reference_V_1_1_15_out          |  out|    2|      ap_vld|                   local_reference_V_1_1_15_out|       pointer|
|local_reference_V_1_1_15_out_ap_vld   |  out|    1|      ap_vld|                   local_reference_V_1_1_15_out|       pointer|
|local_reference_V_0_1_15_out          |  out|    2|      ap_vld|                   local_reference_V_0_1_15_out|       pointer|
|local_reference_V_0_1_15_out_ap_vld   |  out|    1|      ap_vld|                   local_reference_V_0_1_15_out|       pointer|
|local_reference_V_3_1566_out          |  out|    2|      ap_vld|                   local_reference_V_3_1566_out|       pointer|
|local_reference_V_3_1566_out_ap_vld   |  out|    1|      ap_vld|                   local_reference_V_3_1566_out|       pointer|
|local_reference_V_2_1551_out          |  out|    2|      ap_vld|                   local_reference_V_2_1551_out|       pointer|
|local_reference_V_2_1551_out_ap_vld   |  out|    1|      ap_vld|                   local_reference_V_2_1551_out|       pointer|
|local_reference_V_1_1536_out          |  out|    2|      ap_vld|                   local_reference_V_1_1536_out|       pointer|
|local_reference_V_1_1536_out_ap_vld   |  out|    1|      ap_vld|                   local_reference_V_1_1536_out|       pointer|
|local_reference_V_0_1520_out          |  out|    2|      ap_vld|                   local_reference_V_0_1520_out|       pointer|
|local_reference_V_0_1520_out_ap_vld   |  out|    1|      ap_vld|                   local_reference_V_0_1520_out|       pointer|
+--------------------------------------+-----+-----+------------+-----------------------------------------------+--------------+

