

================================================================
== Vitis HLS Report for 'seq_align_multiple_Pipeline_VITIS_LOOP_93_322'
================================================================
* Date:           Mon Apr 10 18:42:23 2023

* Version:        2022.2 (Build 3670227 on Oct 13 2022)
* Project:        local_seq_align_multiple_sa_vitis
* Solution:       local_seq_align_multiple_sa_vitis (Vivado IP Flow Target)
* Product family: virtexuplus
* Target device:  xcvu5p-flva2104-1-e


================================================================
== Performance Estimates
================================================================
+ Timing: 
    * Summary: 
    +--------+----------+----------+------------+
    |  Clock |  Target  | Estimated| Uncertainty|
    +--------+----------+----------+------------+
    |ap_clk  |  10.00 ns|  1.316 ns|     2.70 ns|
    +--------+----------+----------+------------+

+ Latency: 
    * Summary: 
    +---------+---------+----------+----------+-----+-----+---------+
    |  Latency (cycles) |  Latency (absolute) |  Interval | Pipeline|
    |   min   |   max   |    min   |    max   | min | max |   Type  |
    +---------+---------+----------+----------+-----+-----+---------+
    |       66|       66|  0.660 us|  0.660 us|   66|   66|       no|
    +---------+---------+----------+----------+-----+-----+---------+

    + Detail: 
        * Instance: 
        N/A

        * Loop: 
        +-------------------+---------+---------+----------+-----------+-----------+------+----------+
        |                   |  Latency (cycles) | Iteration|  Initiation Interval  | Trip |          |
        |     Loop Name     |   min   |   max   |  Latency |  achieved |   target  | Count| Pipelined|
        +-------------------+---------+---------+----------+-----------+-----------+------+----------+
        |- VITIS_LOOP_93_3  |       64|       64|         2|          1|          1|    64|       yes|
        +-------------------+---------+---------+----------+-----------+-----------+------+----------+



================================================================
== Utilization Estimates
================================================================
* Summary: 
+---------------------+---------+------+---------+--------+-----+
|         Name        | BRAM_18K|  DSP |    FF   |   LUT  | URAM|
+---------------------+---------+------+---------+--------+-----+
|DSP                  |        -|     -|        -|       -|    -|
|Expression           |        -|     -|        0|     155|    -|
|FIFO                 |        -|     -|        -|       -|    -|
|Instance             |        -|     -|        -|       -|    -|
|Memory               |        -|     -|        -|       -|    -|
|Multiplexer          |        -|     -|        -|     612|    -|
|Register             |        -|     -|      144|       -|    -|
+---------------------+---------+------+---------+--------+-----+
|Total                |        0|     0|      144|     767|    0|
+---------------------+---------+------+---------+--------+-----+
|Available SLR        |     1024|  1737|   600577|  300288|  235|
+---------------------+---------+------+---------+--------+-----+
|Utilization SLR (%)  |        0|     0|       ~0|      ~0|    0|
+---------------------+---------+------+---------+--------+-----+
|Available            |     2048|  3474|  1201154|  600577|  470|
+---------------------+---------+------+---------+--------+-----+
|Utilization (%)      |        0|     0|       ~0|      ~0|    0|
+---------------------+---------+------+---------+--------+-----+

+ Detail: 
    * Instance: 
    N/A

    * DSP: 
    N/A

    * Memory: 
    N/A

    * FIFO: 
    N/A

    * Expression: 
    +----------------------+----------+----+---+----+------------+------------+
    |     Variable Name    | Operation| DSP| FF| LUT| Bitwidth P0| Bitwidth P1|
    +----------------------+----------+----+---+----+------------+------------+
    |add_ln93_fu_1775_p2   |         +|   0|  0|  14|           7|           1|
    |ap_condition_1001     |       and|   0|  0|   2|           1|           1|
    |ap_condition_1004     |       and|   0|  0|   2|           1|           1|
    |ap_condition_1007     |       and|   0|  0|   2|           1|           1|
    |ap_condition_1010     |       and|   0|  0|   2|           1|           1|
    |ap_condition_1013     |       and|   0|  0|   2|           1|           1|
    |ap_condition_1016     |       and|   0|  0|   2|           1|           1|
    |ap_condition_1019     |       and|   0|  0|   2|           1|           1|
    |ap_condition_1022     |       and|   0|  0|   2|           1|           1|
    |ap_condition_1025     |       and|   0|  0|   2|           1|           1|
    |ap_condition_1028     |       and|   0|  0|   2|           1|           1|
    |ap_condition_1031     |       and|   0|  0|   2|           1|           1|
    |ap_condition_1034     |       and|   0|  0|   2|           1|           1|
    |ap_condition_1037     |       and|   0|  0|   2|           1|           1|
    |ap_condition_1040     |       and|   0|  0|   2|           1|           1|
    |ap_condition_1043     |       and|   0|  0|   2|           1|           1|
    |ap_condition_1046     |       and|   0|  0|   2|           1|           1|
    |ap_condition_1049     |       and|   0|  0|   2|           1|           1|
    |ap_condition_1052     |       and|   0|  0|   2|           1|           1|
    |ap_condition_1055     |       and|   0|  0|   2|           1|           1|
    |ap_condition_1058     |       and|   0|  0|   2|           1|           1|
    |ap_condition_1061     |       and|   0|  0|   2|           1|           1|
    |ap_condition_1064     |       and|   0|  0|   2|           1|           1|
    |ap_condition_1067     |       and|   0|  0|   2|           1|           1|
    |ap_condition_1070     |       and|   0|  0|   2|           1|           1|
    |ap_condition_1073     |       and|   0|  0|   2|           1|           1|
    |ap_condition_1076     |       and|   0|  0|   2|           1|           1|
    |ap_condition_1079     |       and|   0|  0|   2|           1|           1|
    |ap_condition_890      |       and|   0|  0|   2|           1|           1|
    |ap_condition_893      |       and|   0|  0|   2|           1|           1|
    |ap_condition_896      |       and|   0|  0|   2|           1|           1|
    |ap_condition_899      |       and|   0|  0|   2|           1|           1|
    |ap_condition_902      |       and|   0|  0|   2|           1|           1|
    |ap_condition_905      |       and|   0|  0|   2|           1|           1|
    |ap_condition_908      |       and|   0|  0|   2|           1|           1|
    |ap_condition_911      |       and|   0|  0|   2|           1|           1|
    |ap_condition_914      |       and|   0|  0|   2|           1|           1|
    |ap_condition_917      |       and|   0|  0|   2|           1|           1|
    |ap_condition_920      |       and|   0|  0|   2|           1|           1|
    |ap_condition_923      |       and|   0|  0|   2|           1|           1|
    |ap_condition_926      |       and|   0|  0|   2|           1|           1|
    |ap_condition_929      |       and|   0|  0|   2|           1|           1|
    |ap_condition_932      |       and|   0|  0|   2|           1|           1|
    |ap_condition_935      |       and|   0|  0|   2|           1|           1|
    |ap_condition_938      |       and|   0|  0|   2|           1|           1|
    |ap_condition_941      |       and|   0|  0|   2|           1|           1|
    |ap_condition_944      |       and|   0|  0|   2|           1|           1|
    |ap_condition_947      |       and|   0|  0|   2|           1|           1|
    |ap_condition_950      |       and|   0|  0|   2|           1|           1|
    |ap_condition_953      |       and|   0|  0|   2|           1|           1|
    |ap_condition_956      |       and|   0|  0|   2|           1|           1|
    |ap_condition_959      |       and|   0|  0|   2|           1|           1|
    |ap_condition_962      |       and|   0|  0|   2|           1|           1|
    |ap_condition_965      |       and|   0|  0|   2|           1|           1|
    |ap_condition_968      |       and|   0|  0|   2|           1|           1|
    |ap_condition_971      |       and|   0|  0|   2|           1|           1|
    |ap_condition_974      |       and|   0|  0|   2|           1|           1|
    |ap_condition_977      |       and|   0|  0|   2|           1|           1|
    |ap_condition_980      |       and|   0|  0|   2|           1|           1|
    |ap_condition_983      |       and|   0|  0|   2|           1|           1|
    |ap_condition_986      |       and|   0|  0|   2|           1|           1|
    |ap_condition_989      |       and|   0|  0|   2|           1|           1|
    |ap_condition_992      |       and|   0|  0|   2|           1|           1|
    |ap_condition_995      |       and|   0|  0|   2|           1|           1|
    |ap_condition_998      |       and|   0|  0|   2|           1|           1|
    |icmp_ln93_fu_1769_p2  |      icmp|   0|  0|  11|           7|           8|
    |ap_enable_pp0         |       xor|   0|  0|   2|           1|           2|
    +----------------------+----------+----+---+----+------------+------------+
    |Total                 |          |   0|  0| 155|          79|          75|
    +----------------------+----------+----+---+----+------------+------------+

    * Multiplexer: 
    +--------------------------------+----+-----------+-----+-----------+
    |              Name              | LUT| Input Size| Bits| Total Bits|
    +--------------------------------+----+-----------+-----+-----------+
    |ap_done_int                     |   9|          2|    1|          2|
    |ap_enable_reg_pp0_iter1         |   9|          2|    1|          2|
    |ap_sig_allocacmp_i_3            |   9|          2|    7|         14|
    |i_fu_336                        |   9|          2|    7|         14|
    |local_reference_V_1_130_fu_348  |   9|          2|    2|          4|
    |local_reference_V_1_131_fu_352  |   9|          2|    2|          4|
    |local_reference_V_1_132_fu_356  |   9|          2|    2|          4|
    |local_reference_V_1_133_fu_360  |   9|          2|    2|          4|
    |local_reference_V_1_134_fu_364  |   9|          2|    2|          4|
    |local_reference_V_1_135_fu_368  |   9|          2|    2|          4|
    |local_reference_V_1_136_fu_372  |   9|          2|    2|          4|
    |local_reference_V_1_137_fu_376  |   9|          2|    2|          4|
    |local_reference_V_1_138_fu_380  |   9|          2|    2|          4|
    |local_reference_V_1_139_fu_384  |   9|          2|    2|          4|
    |local_reference_V_1_140_fu_388  |   9|          2|    2|          4|
    |local_reference_V_1_141_fu_392  |   9|          2|    2|          4|
    |local_reference_V_1_142_fu_396  |   9|          2|    2|          4|
    |local_reference_V_1_143_fu_400  |   9|          2|    2|          4|
    |local_reference_V_1_144_fu_404  |   9|          2|    2|          4|
    |local_reference_V_1_145_fu_408  |   9|          2|    2|          4|
    |local_reference_V_1_146_fu_412  |   9|          2|    2|          4|
    |local_reference_V_1_147_fu_416  |   9|          2|    2|          4|
    |local_reference_V_1_148_fu_420  |   9|          2|    2|          4|
    |local_reference_V_1_149_fu_424  |   9|          2|    2|          4|
    |local_reference_V_1_150_fu_428  |   9|          2|    2|          4|
    |local_reference_V_1_151_fu_432  |   9|          2|    2|          4|
    |local_reference_V_1_152_fu_436  |   9|          2|    2|          4|
    |local_reference_V_1_153_fu_440  |   9|          2|    2|          4|
    |local_reference_V_1_154_fu_444  |   9|          2|    2|          4|
    |local_reference_V_1_155_fu_448  |   9|          2|    2|          4|
    |local_reference_V_1_156_fu_452  |   9|          2|    2|          4|
    |local_reference_V_1_157_fu_456  |   9|          2|    2|          4|
    |local_reference_V_1_158_fu_460  |   9|          2|    2|          4|
    |local_reference_V_1_159_fu_464  |   9|          2|    2|          4|
    |local_reference_V_1_160_fu_468  |   9|          2|    2|          4|
    |local_reference_V_1_161_fu_472  |   9|          2|    2|          4|
    |local_reference_V_1_162_fu_476  |   9|          2|    2|          4|
    |local_reference_V_1_163_fu_480  |   9|          2|    2|          4|
    |local_reference_V_1_164_fu_484  |   9|          2|    2|          4|
    |local_reference_V_1_165_fu_488  |   9|          2|    2|          4|
    |local_reference_V_1_166_fu_492  |   9|          2|    2|          4|
    |local_reference_V_1_167_fu_496  |   9|          2|    2|          4|
    |local_reference_V_1_168_fu_500  |   9|          2|    2|          4|
    |local_reference_V_1_169_fu_504  |   9|          2|    2|          4|
    |local_reference_V_1_170_fu_508  |   9|          2|    2|          4|
    |local_reference_V_1_171_fu_512  |   9|          2|    2|          4|
    |local_reference_V_1_172_fu_516  |   9|          2|    2|          4|
    |local_reference_V_1_173_fu_520  |   9|          2|    2|          4|
    |local_reference_V_1_174_fu_524  |   9|          2|    2|          4|
    |local_reference_V_1_175_fu_528  |   9|          2|    2|          4|
    |local_reference_V_1_176_fu_532  |   9|          2|    2|          4|
    |local_reference_V_1_177_fu_536  |   9|          2|    2|          4|
    |local_reference_V_1_178_fu_540  |   9|          2|    2|          4|
    |local_reference_V_1_179_fu_544  |   9|          2|    2|          4|
    |local_reference_V_1_180_fu_548  |   9|          2|    2|          4|
    |local_reference_V_1_181_fu_552  |   9|          2|    2|          4|
    |local_reference_V_1_182_fu_556  |   9|          2|    2|          4|
    |local_reference_V_1_183_fu_560  |   9|          2|    2|          4|
    |local_reference_V_1_184_fu_564  |   9|          2|    2|          4|
    |local_reference_V_1_185_fu_568  |   9|          2|    2|          4|
    |local_reference_V_1_186_fu_572  |   9|          2|    2|          4|
    |local_reference_V_1_187_fu_576  |   9|          2|    2|          4|
    |local_reference_V_1_188_fu_580  |   9|          2|    2|          4|
    |local_reference_V_1_189_fu_584  |   9|          2|    2|          4|
    |local_reference_V_1_18_fu_344   |   9|          2|    2|          4|
    |local_reference_V_1_190_fu_588  |   9|          2|    2|          4|
    |local_reference_V_1_191_fu_592  |   9|          2|    2|          4|
    |local_reference_V_1_fu_340      |   9|          2|    2|          4|
    +--------------------------------+----+-----------+-----+-----------+
    |Total                           | 612|        136|  144|        288|
    +--------------------------------+----+-----------+-----+-----------+

    * Register: 
    +--------------------------------+---+----+-----+-----------+
    |              Name              | FF| LUT| Bits| Const Bits|
    +--------------------------------+---+----+-----+-----------+
    |ap_CS_fsm                       |  1|   0|    1|          0|
    |ap_done_reg                     |  1|   0|    1|          0|
    |ap_enable_reg_pp0_iter1         |  1|   0|    1|          0|
    |i_fu_336                        |  7|   0|    7|          0|
    |local_reference_V_1_130_fu_348  |  2|   0|    2|          0|
    |local_reference_V_1_131_fu_352  |  2|   0|    2|          0|
    |local_reference_V_1_132_fu_356  |  2|   0|    2|          0|
    |local_reference_V_1_133_fu_360  |  2|   0|    2|          0|
    |local_reference_V_1_134_fu_364  |  2|   0|    2|          0|
    |local_reference_V_1_135_fu_368  |  2|   0|    2|          0|
    |local_reference_V_1_136_fu_372  |  2|   0|    2|          0|
    |local_reference_V_1_137_fu_376  |  2|   0|    2|          0|
    |local_reference_V_1_138_fu_380  |  2|   0|    2|          0|
    |local_reference_V_1_139_fu_384  |  2|   0|    2|          0|
    |local_reference_V_1_140_fu_388  |  2|   0|    2|          0|
    |local_reference_V_1_141_fu_392  |  2|   0|    2|          0|
    |local_reference_V_1_142_fu_396  |  2|   0|    2|          0|
    |local_reference_V_1_143_fu_400  |  2|   0|    2|          0|
    |local_reference_V_1_144_fu_404  |  2|   0|    2|          0|
    |local_reference_V_1_145_fu_408  |  2|   0|    2|          0|
    |local_reference_V_1_146_fu_412  |  2|   0|    2|          0|
    |local_reference_V_1_147_fu_416  |  2|   0|    2|          0|
    |local_reference_V_1_148_fu_420  |  2|   0|    2|          0|
    |local_reference_V_1_149_fu_424  |  2|   0|    2|          0|
    |local_reference_V_1_150_fu_428  |  2|   0|    2|          0|
    |local_reference_V_1_151_fu_432  |  2|   0|    2|          0|
    |local_reference_V_1_152_fu_436  |  2|   0|    2|          0|
    |local_reference_V_1_153_fu_440  |  2|   0|    2|          0|
    |local_reference_V_1_154_fu_444  |  2|   0|    2|          0|
    |local_reference_V_1_155_fu_448  |  2|   0|    2|          0|
    |local_reference_V_1_156_fu_452  |  2|   0|    2|          0|
    |local_reference_V_1_157_fu_456  |  2|   0|    2|          0|
    |local_reference_V_1_158_fu_460  |  2|   0|    2|          0|
    |local_reference_V_1_159_fu_464  |  2|   0|    2|          0|
    |local_reference_V_1_160_fu_468  |  2|   0|    2|          0|
    |local_reference_V_1_161_fu_472  |  2|   0|    2|          0|
    |local_reference_V_1_162_fu_476  |  2|   0|    2|          0|
    |local_reference_V_1_163_fu_480  |  2|   0|    2|          0|
    |local_reference_V_1_164_fu_484  |  2|   0|    2|          0|
    |local_reference_V_1_165_fu_488  |  2|   0|    2|          0|
    |local_reference_V_1_166_fu_492  |  2|   0|    2|          0|
    |local_reference_V_1_167_fu_496  |  2|   0|    2|          0|
    |local_reference_V_1_168_fu_500  |  2|   0|    2|          0|
    |local_reference_V_1_169_fu_504  |  2|   0|    2|          0|
    |local_reference_V_1_170_fu_508  |  2|   0|    2|          0|
    |local_reference_V_1_171_fu_512  |  2|   0|    2|          0|
    |local_reference_V_1_172_fu_516  |  2|   0|    2|          0|
    |local_reference_V_1_173_fu_520  |  2|   0|    2|          0|
    |local_reference_V_1_174_fu_524  |  2|   0|    2|          0|
    |local_reference_V_1_175_fu_528  |  2|   0|    2|          0|
    |local_reference_V_1_176_fu_532  |  2|   0|    2|          0|
    |local_reference_V_1_177_fu_536  |  2|   0|    2|          0|
    |local_reference_V_1_178_fu_540  |  2|   0|    2|          0|
    |local_reference_V_1_179_fu_544  |  2|   0|    2|          0|
    |local_reference_V_1_180_fu_548  |  2|   0|    2|          0|
    |local_reference_V_1_181_fu_552  |  2|   0|    2|          0|
    |local_reference_V_1_182_fu_556  |  2|   0|    2|          0|
    |local_reference_V_1_183_fu_560  |  2|   0|    2|          0|
    |local_reference_V_1_184_fu_564  |  2|   0|    2|          0|
    |local_reference_V_1_185_fu_568  |  2|   0|    2|          0|
    |local_reference_V_1_186_fu_572  |  2|   0|    2|          0|
    |local_reference_V_1_187_fu_576  |  2|   0|    2|          0|
    |local_reference_V_1_188_fu_580  |  2|   0|    2|          0|
    |local_reference_V_1_189_fu_584  |  2|   0|    2|          0|
    |local_reference_V_1_18_fu_344   |  2|   0|    2|          0|
    |local_reference_V_1_190_fu_588  |  2|   0|    2|          0|
    |local_reference_V_1_191_fu_592  |  2|   0|    2|          0|
    |local_reference_V_1_fu_340      |  2|   0|    2|          0|
    |trunc_ln94_reg_2848             |  4|   0|    4|          0|
    |trunc_ln94_s_reg_2839           |  2|   0|    2|          0|
    +--------------------------------+---+----+-----+-----------+
    |Total                           |144|   0|  144|          0|
    +--------------------------------+---+----+-----+-----------+



================================================================
== Interface
================================================================
* Summary: 
+--------------------------------------+-----+-----+------------+-----------------------------------------------+--------------+
|               RTL Ports              | Dir | Bits|  Protocol  |                 Source Object                 |    C Type    |
+--------------------------------------+-----+-----+------------+-----------------------------------------------+--------------+
|ap_clk                                |   in|    1|  ap_ctrl_hs|  seq_align_multiple_Pipeline_VITIS_LOOP_93_322|  return value|
|ap_rst                                |   in|    1|  ap_ctrl_hs|  seq_align_multiple_Pipeline_VITIS_LOOP_93_322|  return value|
|ap_start                              |   in|    1|  ap_ctrl_hs|  seq_align_multiple_Pipeline_VITIS_LOOP_93_322|  return value|
|ap_done                               |  out|    1|  ap_ctrl_hs|  seq_align_multiple_Pipeline_VITIS_LOOP_93_322|  return value|
|ap_idle                               |  out|    1|  ap_ctrl_hs|  seq_align_multiple_Pipeline_VITIS_LOOP_93_322|  return value|
|ap_ready                              |  out|    1|  ap_ctrl_hs|  seq_align_multiple_Pipeline_VITIS_LOOP_93_322|  return value|
|local_reference_V_3_15_15_reload      |   in|    2|     ap_none|               local_reference_V_3_15_15_reload|        scalar|
|local_reference_V_2_15_15_reload      |   in|    2|     ap_none|               local_reference_V_2_15_15_reload|        scalar|
|local_reference_V_1_15_15_reload      |   in|    2|     ap_none|               local_reference_V_1_15_15_reload|        scalar|
|local_reference_V_0_15_15_reload      |   in|    2|     ap_none|               local_reference_V_0_15_15_reload|        scalar|
|local_reference_V_3_14_15_reload      |   in|    2|     ap_none|               local_reference_V_3_14_15_reload|        scalar|
|local_reference_V_2_14_15_reload      |   in|    2|     ap_none|               local_reference_V_2_14_15_reload|        scalar|
|local_reference_V_1_14_15_reload      |   in|    2|     ap_none|               local_reference_V_1_14_15_reload|        scalar|
|local_reference_V_0_14_15_reload      |   in|    2|     ap_none|               local_reference_V_0_14_15_reload|        scalar|
|local_reference_V_3_13_15_reload      |   in|    2|     ap_none|               local_reference_V_3_13_15_reload|        scalar|
|local_reference_V_2_13_15_reload      |   in|    2|     ap_none|               local_reference_V_2_13_15_reload|        scalar|
|local_reference_V_1_13_15_reload      |   in|    2|     ap_none|               local_reference_V_1_13_15_reload|        scalar|
|local_reference_V_0_13_15_reload      |   in|    2|     ap_none|               local_reference_V_0_13_15_reload|        scalar|
|local_reference_V_3_12_15_reload      |   in|    2|     ap_none|               local_reference_V_3_12_15_reload|        scalar|
|local_reference_V_2_12_15_reload      |   in|    2|     ap_none|               local_reference_V_2_12_15_reload|        scalar|
|local_reference_V_1_12_15_reload      |   in|    2|     ap_none|               local_reference_V_1_12_15_reload|        scalar|
|local_reference_V_0_12_15_reload      |   in|    2|     ap_none|               local_reference_V_0_12_15_reload|        scalar|
|local_reference_V_3_11_15_reload      |   in|    2|     ap_none|               local_reference_V_3_11_15_reload|        scalar|
|local_reference_V_2_11_15_reload      |   in|    2|     ap_none|               local_reference_V_2_11_15_reload|        scalar|
|local_reference_V_1_11_15_reload      |   in|    2|     ap_none|               local_reference_V_1_11_15_reload|        scalar|
|local_reference_V_0_11_15_reload      |   in|    2|     ap_none|               local_reference_V_0_11_15_reload|        scalar|
|local_reference_V_3_10_15_reload      |   in|    2|     ap_none|               local_reference_V_3_10_15_reload|        scalar|
|local_reference_V_2_10_15_reload      |   in|    2|     ap_none|               local_reference_V_2_10_15_reload|        scalar|
|local_reference_V_1_10_15_reload      |   in|    2|     ap_none|               local_reference_V_1_10_15_reload|        scalar|
|local_reference_V_0_10_15_reload      |   in|    2|     ap_none|               local_reference_V_0_10_15_reload|        scalar|
|local_reference_V_3_9_15_reload       |   in|    2|     ap_none|                local_reference_V_3_9_15_reload|        scalar|
|local_reference_V_2_9_15_reload       |   in|    2|     ap_none|                local_reference_V_2_9_15_reload|        scalar|
|local_reference_V_1_9_15_reload       |   in|    2|     ap_none|                local_reference_V_1_9_15_reload|        scalar|
|local_reference_V_0_9_15_reload       |   in|    2|     ap_none|                local_reference_V_0_9_15_reload|        scalar|
|local_reference_V_3_8_15_reload       |   in|    2|     ap_none|                local_reference_V_3_8_15_reload|        scalar|
|local_reference_V_2_8_15_reload       |   in|    2|     ap_none|                local_reference_V_2_8_15_reload|        scalar|
|local_reference_V_1_8_15_reload       |   in|    2|     ap_none|                local_reference_V_1_8_15_reload|        scalar|
|local_reference_V_0_8_15_reload       |   in|    2|     ap_none|                local_reference_V_0_8_15_reload|        scalar|
|local_reference_V_3_7_15_reload       |   in|    2|     ap_none|                local_reference_V_3_7_15_reload|        scalar|
|local_reference_V_2_7_15_reload       |   in|    2|     ap_none|                local_reference_V_2_7_15_reload|        scalar|
|local_reference_V_1_7_15_reload       |   in|    2|     ap_none|                local_reference_V_1_7_15_reload|        scalar|
|local_reference_V_0_7_15_reload       |   in|    2|     ap_none|                local_reference_V_0_7_15_reload|        scalar|
|local_reference_V_3_6_15_reload       |   in|    2|     ap_none|                local_reference_V_3_6_15_reload|        scalar|
|local_reference_V_2_6_15_reload       |   in|    2|     ap_none|                local_reference_V_2_6_15_reload|        scalar|
|local_reference_V_1_6_15_reload       |   in|    2|     ap_none|                local_reference_V_1_6_15_reload|        scalar|
|local_reference_V_0_6_15_reload       |   in|    2|     ap_none|                local_reference_V_0_6_15_reload|        scalar|
|local_reference_V_3_5_15_reload       |   in|    2|     ap_none|                local_reference_V_3_5_15_reload|        scalar|
|local_reference_V_2_5_15_reload       |   in|    2|     ap_none|                local_reference_V_2_5_15_reload|        scalar|
|local_reference_V_1_5_15_reload       |   in|    2|     ap_none|                local_reference_V_1_5_15_reload|        scalar|
|local_reference_V_0_5_15_reload       |   in|    2|     ap_none|                local_reference_V_0_5_15_reload|        scalar|
|local_reference_V_3_4_15_reload       |   in|    2|     ap_none|                local_reference_V_3_4_15_reload|        scalar|
|local_reference_V_2_4_15_reload       |   in|    2|     ap_none|                local_reference_V_2_4_15_reload|        scalar|
|local_reference_V_1_4_15_reload       |   in|    2|     ap_none|                local_reference_V_1_4_15_reload|        scalar|
|local_reference_V_0_4_15_reload       |   in|    2|     ap_none|                local_reference_V_0_4_15_reload|        scalar|
|local_reference_V_3_3_15_reload       |   in|    2|     ap_none|                local_reference_V_3_3_15_reload|        scalar|
|local_reference_V_2_3_15_reload       |   in|    2|     ap_none|                local_reference_V_2_3_15_reload|        scalar|
|local_reference_V_1_3_15_reload       |   in|    2|     ap_none|                local_reference_V_1_3_15_reload|        scalar|
|local_reference_V_0_3_15_reload       |   in|    2|     ap_none|                local_reference_V_0_3_15_reload|        scalar|
|local_reference_V_3_2_15_reload       |   in|    2|     ap_none|                local_reference_V_3_2_15_reload|        scalar|
|local_reference_V_2_2_15_reload       |   in|    2|     ap_none|                local_reference_V_2_2_15_reload|        scalar|
|local_reference_V_1_2_15_reload       |   in|    2|     ap_none|                local_reference_V_1_2_15_reload|        scalar|
|local_reference_V_0_2_15_reload       |   in|    2|     ap_none|                local_reference_V_0_2_15_reload|        scalar|
|local_reference_V_3_1_15_reload       |   in|    2|     ap_none|                local_reference_V_3_1_15_reload|        scalar|
|local_reference_V_2_1_15_reload       |   in|    2|     ap_none|                local_reference_V_2_1_15_reload|        scalar|
|local_reference_V_1_1_15_reload       |   in|    2|     ap_none|                local_reference_V_1_1_15_reload|        scalar|
|local_reference_V_0_1_15_reload       |   in|    2|     ap_none|                local_reference_V_0_1_15_reload|        scalar|
|local_reference_V_3_1566_reload       |   in|    2|     ap_none|                local_reference_V_3_1566_reload|        scalar|
|local_reference_V_2_1551_reload       |   in|    2|     ap_none|                local_reference_V_2_1551_reload|        scalar|
|local_reference_V_1_1536_reload       |   in|    2|     ap_none|                local_reference_V_1_1536_reload|        scalar|
|local_reference_V_0_1520_reload       |   in|    2|     ap_none|                local_reference_V_0_1520_reload|        scalar|
|reference_string_comp_6_address0      |  out|    6|   ap_memory|                        reference_string_comp_6|         array|
|reference_string_comp_6_ce0           |  out|    1|   ap_memory|                        reference_string_comp_6|         array|
|reference_string_comp_6_q0            |   in|    2|   ap_memory|                        reference_string_comp_6|         array|
|local_reference_V_3_15_18_out         |  out|    2|      ap_vld|                  local_reference_V_3_15_18_out|       pointer|
|local_reference_V_3_15_18_out_ap_vld  |  out|    1|      ap_vld|                  local_reference_V_3_15_18_out|       pointer|
|local_reference_V_2_15_18_out         |  out|    2|      ap_vld|                  local_reference_V_2_15_18_out|       pointer|
|local_reference_V_2_15_18_out_ap_vld  |  out|    1|      ap_vld|                  local_reference_V_2_15_18_out|       pointer|
|local_reference_V_1_15_18_out         |  out|    2|      ap_vld|                  local_reference_V_1_15_18_out|       pointer|
|local_reference_V_1_15_18_out_ap_vld  |  out|    1|      ap_vld|                  local_reference_V_1_15_18_out|       pointer|
|local_reference_V_0_15_18_out         |  out|    2|      ap_vld|                  local_reference_V_0_15_18_out|       pointer|
|local_reference_V_0_15_18_out_ap_vld  |  out|    1|      ap_vld|                  local_reference_V_0_15_18_out|       pointer|
|local_reference_V_3_14_18_out         |  out|    2|      ap_vld|                  local_reference_V_3_14_18_out|       pointer|
|local_reference_V_3_14_18_out_ap_vld  |  out|    1|      ap_vld|                  local_reference_V_3_14_18_out|       pointer|
|local_reference_V_2_14_18_out         |  out|    2|      ap_vld|                  local_reference_V_2_14_18_out|       pointer|
|local_reference_V_2_14_18_out_ap_vld  |  out|    1|      ap_vld|                  local_reference_V_2_14_18_out|       pointer|
|local_reference_V_1_14_18_out         |  out|    2|      ap_vld|                  local_reference_V_1_14_18_out|       pointer|
|local_reference_V_1_14_18_out_ap_vld  |  out|    1|      ap_vld|                  local_reference_V_1_14_18_out|       pointer|
|local_reference_V_0_14_18_out         |  out|    2|      ap_vld|                  local_reference_V_0_14_18_out|       pointer|
|local_reference_V_0_14_18_out_ap_vld  |  out|    1|      ap_vld|                  local_reference_V_0_14_18_out|       pointer|
|local_reference_V_3_13_18_out         |  out|    2|      ap_vld|                  local_reference_V_3_13_18_out|       pointer|
|local_reference_V_3_13_18_out_ap_vld  |  out|    1|      ap_vld|                  local_reference_V_3_13_18_out|       pointer|
|local_reference_V_2_13_18_out         |  out|    2|      ap_vld|                  local_reference_V_2_13_18_out|       pointer|
|local_reference_V_2_13_18_out_ap_vld  |  out|    1|      ap_vld|                  local_reference_V_2_13_18_out|       pointer|
|local_reference_V_1_13_18_out         |  out|    2|      ap_vld|                  local_reference_V_1_13_18_out|       pointer|
|local_reference_V_1_13_18_out_ap_vld  |  out|    1|      ap_vld|                  local_reference_V_1_13_18_out|       pointer|
|local_reference_V_0_13_18_out         |  out|    2|      ap_vld|                  local_reference_V_0_13_18_out|       pointer|
|local_reference_V_0_13_18_out_ap_vld  |  out|    1|      ap_vld|                  local_reference_V_0_13_18_out|       pointer|
|local_reference_V_3_12_18_out         |  out|    2|      ap_vld|                  local_reference_V_3_12_18_out|       pointer|
|local_reference_V_3_12_18_out_ap_vld  |  out|    1|      ap_vld|                  local_reference_V_3_12_18_out|       pointer|
|local_reference_V_2_12_18_out         |  out|    2|      ap_vld|                  local_reference_V_2_12_18_out|       pointer|
|local_reference_V_2_12_18_out_ap_vld  |  out|    1|      ap_vld|                  local_reference_V_2_12_18_out|       pointer|
|local_reference_V_1_12_18_out         |  out|    2|      ap_vld|                  local_reference_V_1_12_18_out|       pointer|
|local_reference_V_1_12_18_out_ap_vld  |  out|    1|      ap_vld|                  local_reference_V_1_12_18_out|       pointer|
|local_reference_V_0_12_18_out         |  out|    2|      ap_vld|                  local_reference_V_0_12_18_out|       pointer|
|local_reference_V_0_12_18_out_ap_vld  |  out|    1|      ap_vld|                  local_reference_V_0_12_18_out|       pointer|
|local_reference_V_3_11_18_out         |  out|    2|      ap_vld|                  local_reference_V_3_11_18_out|       pointer|
|local_reference_V_3_11_18_out_ap_vld  |  out|    1|      ap_vld|                  local_reference_V_3_11_18_out|       pointer|
|local_reference_V_2_11_18_out         |  out|    2|      ap_vld|                  local_reference_V_2_11_18_out|       pointer|
|local_reference_V_2_11_18_out_ap_vld  |  out|    1|      ap_vld|                  local_reference_V_2_11_18_out|       pointer|
|local_reference_V_1_11_18_out         |  out|    2|      ap_vld|                  local_reference_V_1_11_18_out|       pointer|
|local_reference_V_1_11_18_out_ap_vld  |  out|    1|      ap_vld|                  local_reference_V_1_11_18_out|       pointer|
|local_reference_V_0_11_18_out         |  out|    2|      ap_vld|                  local_reference_V_0_11_18_out|       pointer|
|local_reference_V_0_11_18_out_ap_vld  |  out|    1|      ap_vld|                  local_reference_V_0_11_18_out|       pointer|
|local_reference_V_3_10_18_out         |  out|    2|      ap_vld|                  local_reference_V_3_10_18_out|       pointer|
|local_reference_V_3_10_18_out_ap_vld  |  out|    1|      ap_vld|                  local_reference_V_3_10_18_out|       pointer|
|local_reference_V_2_10_18_out         |  out|    2|      ap_vld|                  local_reference_V_2_10_18_out|       pointer|
|local_reference_V_2_10_18_out_ap_vld  |  out|    1|      ap_vld|                  local_reference_V_2_10_18_out|       pointer|
|local_reference_V_1_10_18_out         |  out|    2|      ap_vld|                  local_reference_V_1_10_18_out|       pointer|
|local_reference_V_1_10_18_out_ap_vld  |  out|    1|      ap_vld|                  local_reference_V_1_10_18_out|       pointer|
|local_reference_V_0_10_18_out         |  out|    2|      ap_vld|                  local_reference_V_0_10_18_out|       pointer|
|local_reference_V_0_10_18_out_ap_vld  |  out|    1|      ap_vld|                  local_reference_V_0_10_18_out|       pointer|
|local_reference_V_3_9_18_out          |  out|    2|      ap_vld|                   local_reference_V_3_9_18_out|       pointer|
|local_reference_V_3_9_18_out_ap_vld   |  out|    1|      ap_vld|                   local_reference_V_3_9_18_out|       pointer|
|local_reference_V_2_9_18_out          |  out|    2|      ap_vld|                   local_reference_V_2_9_18_out|       pointer|
|local_reference_V_2_9_18_out_ap_vld   |  out|    1|      ap_vld|                   local_reference_V_2_9_18_out|       pointer|
|local_reference_V_1_9_18_out          |  out|    2|      ap_vld|                   local_reference_V_1_9_18_out|       pointer|
|local_reference_V_1_9_18_out_ap_vld   |  out|    1|      ap_vld|                   local_reference_V_1_9_18_out|       pointer|
|local_reference_V_0_9_18_out          |  out|    2|      ap_vld|                   local_reference_V_0_9_18_out|       pointer|
|local_reference_V_0_9_18_out_ap_vld   |  out|    1|      ap_vld|                   local_reference_V_0_9_18_out|       pointer|
|local_reference_V_3_8_18_out          |  out|    2|      ap_vld|                   local_reference_V_3_8_18_out|       pointer|
|local_reference_V_3_8_18_out_ap_vld   |  out|    1|      ap_vld|                   local_reference_V_3_8_18_out|       pointer|
|local_reference_V_2_8_18_out          |  out|    2|      ap_vld|                   local_reference_V_2_8_18_out|       pointer|
|local_reference_V_2_8_18_out_ap_vld   |  out|    1|      ap_vld|                   local_reference_V_2_8_18_out|       pointer|
|local_reference_V_1_8_18_out          |  out|    2|      ap_vld|                   local_reference_V_1_8_18_out|       pointer|
|local_reference_V_1_8_18_out_ap_vld   |  out|    1|      ap_vld|                   local_reference_V_1_8_18_out|       pointer|
|local_reference_V_0_8_18_out          |  out|    2|      ap_vld|                   local_reference_V_0_8_18_out|       pointer|
|local_reference_V_0_8_18_out_ap_vld   |  out|    1|      ap_vld|                   local_reference_V_0_8_18_out|       pointer|
|local_reference_V_3_7_18_out          |  out|    2|      ap_vld|                   local_reference_V_3_7_18_out|       pointer|
|local_reference_V_3_7_18_out_ap_vld   |  out|    1|      ap_vld|                   local_reference_V_3_7_18_out|       pointer|
|local_reference_V_2_7_18_out          |  out|    2|      ap_vld|                   local_reference_V_2_7_18_out|       pointer|
|local_reference_V_2_7_18_out_ap_vld   |  out|    1|      ap_vld|                   local_reference_V_2_7_18_out|       pointer|
|local_reference_V_1_7_18_out          |  out|    2|      ap_vld|                   local_reference_V_1_7_18_out|       pointer|
|local_reference_V_1_7_18_out_ap_vld   |  out|    1|      ap_vld|                   local_reference_V_1_7_18_out|       pointer|
|local_reference_V_0_7_18_out          |  out|    2|      ap_vld|                   local_reference_V_0_7_18_out|       pointer|
|local_reference_V_0_7_18_out_ap_vld   |  out|    1|      ap_vld|                   local_reference_V_0_7_18_out|       pointer|
|local_reference_V_3_6_18_out          |  out|    2|      ap_vld|                   local_reference_V_3_6_18_out|       pointer|
|local_reference_V_3_6_18_out_ap_vld   |  out|    1|      ap_vld|                   local_reference_V_3_6_18_out|       pointer|
|local_reference_V_2_6_18_out          |  out|    2|      ap_vld|                   local_reference_V_2_6_18_out|       pointer|
|local_reference_V_2_6_18_out_ap_vld   |  out|    1|      ap_vld|                   local_reference_V_2_6_18_out|       pointer|
|local_reference_V_1_6_18_out          |  out|    2|      ap_vld|                   local_reference_V_1_6_18_out|       pointer|
|local_reference_V_1_6_18_out_ap_vld   |  out|    1|      ap_vld|                   local_reference_V_1_6_18_out|       pointer|
|local_reference_V_0_6_18_out          |  out|    2|      ap_vld|                   local_reference_V_0_6_18_out|       pointer|
|local_reference_V_0_6_18_out_ap_vld   |  out|    1|      ap_vld|                   local_reference_V_0_6_18_out|       pointer|
|local_reference_V_3_5_18_out          |  out|    2|      ap_vld|                   local_reference_V_3_5_18_out|       pointer|
|local_reference_V_3_5_18_out_ap_vld   |  out|    1|      ap_vld|                   local_reference_V_3_5_18_out|       pointer|
|local_reference_V_2_5_18_out          |  out|    2|      ap_vld|                   local_reference_V_2_5_18_out|       pointer|
|local_reference_V_2_5_18_out_ap_vld   |  out|    1|      ap_vld|                   local_reference_V_2_5_18_out|       pointer|
|local_reference_V_1_5_18_out          |  out|    2|      ap_vld|                   local_reference_V_1_5_18_out|       pointer|
|local_reference_V_1_5_18_out_ap_vld   |  out|    1|      ap_vld|                   local_reference_V_1_5_18_out|       pointer|
|local_reference_V_0_5_18_out          |  out|    2|      ap_vld|                   local_reference_V_0_5_18_out|       pointer|
|local_reference_V_0_5_18_out_ap_vld   |  out|    1|      ap_vld|                   local_reference_V_0_5_18_out|       pointer|
|local_reference_V_3_4_18_out          |  out|    2|      ap_vld|                   local_reference_V_3_4_18_out|       pointer|
|local_reference_V_3_4_18_out_ap_vld   |  out|    1|      ap_vld|                   local_reference_V_3_4_18_out|       pointer|
|local_reference_V_2_4_18_out          |  out|    2|      ap_vld|                   local_reference_V_2_4_18_out|       pointer|
|local_reference_V_2_4_18_out_ap_vld   |  out|    1|      ap_vld|                   local_reference_V_2_4_18_out|       pointer|
|local_reference_V_1_4_18_out          |  out|    2|      ap_vld|                   local_reference_V_1_4_18_out|       pointer|
|local_reference_V_1_4_18_out_ap_vld   |  out|    1|      ap_vld|                   local_reference_V_1_4_18_out|       pointer|
|local_reference_V_0_4_18_out          |  out|    2|      ap_vld|                   local_reference_V_0_4_18_out|       pointer|
|local_reference_V_0_4_18_out_ap_vld   |  out|    1|      ap_vld|                   local_reference_V_0_4_18_out|       pointer|
|local_reference_V_3_3_18_out          |  out|    2|      ap_vld|                   local_reference_V_3_3_18_out|       pointer|
|local_reference_V_3_3_18_out_ap_vld   |  out|    1|      ap_vld|                   local_reference_V_3_3_18_out|       pointer|
|local_reference_V_2_3_18_out          |  out|    2|      ap_vld|                   local_reference_V_2_3_18_out|       pointer|
|local_reference_V_2_3_18_out_ap_vld   |  out|    1|      ap_vld|                   local_reference_V_2_3_18_out|       pointer|
|local_reference_V_1_3_18_out          |  out|    2|      ap_vld|                   local_reference_V_1_3_18_out|       pointer|
|local_reference_V_1_3_18_out_ap_vld   |  out|    1|      ap_vld|                   local_reference_V_1_3_18_out|       pointer|
|local_reference_V_0_3_18_out          |  out|    2|      ap_vld|                   local_reference_V_0_3_18_out|       pointer|
|local_reference_V_0_3_18_out_ap_vld   |  out|    1|      ap_vld|                   local_reference_V_0_3_18_out|       pointer|
|local_reference_V_3_2_18_out          |  out|    2|      ap_vld|                   local_reference_V_3_2_18_out|       pointer|
|local_reference_V_3_2_18_out_ap_vld   |  out|    1|      ap_vld|                   local_reference_V_3_2_18_out|       pointer|
|local_reference_V_2_2_18_out          |  out|    2|      ap_vld|                   local_reference_V_2_2_18_out|       pointer|
|local_reference_V_2_2_18_out_ap_vld   |  out|    1|      ap_vld|                   local_reference_V_2_2_18_out|       pointer|
|local_reference_V_1_2_18_out          |  out|    2|      ap_vld|                   local_reference_V_1_2_18_out|       pointer|
|local_reference_V_1_2_18_out_ap_vld   |  out|    1|      ap_vld|                   local_reference_V_1_2_18_out|       pointer|
|local_reference_V_0_2_18_out          |  out|    2|      ap_vld|                   local_reference_V_0_2_18_out|       pointer|
|local_reference_V_0_2_18_out_ap_vld   |  out|    1|      ap_vld|                   local_reference_V_0_2_18_out|       pointer|
|local_reference_V_3_1_18_out          |  out|    2|      ap_vld|                   local_reference_V_3_1_18_out|       pointer|
|local_reference_V_3_1_18_out_ap_vld   |  out|    1|      ap_vld|                   local_reference_V_3_1_18_out|       pointer|
|local_reference_V_2_1_18_out          |  out|    2|      ap_vld|                   local_reference_V_2_1_18_out|       pointer|
|local_reference_V_2_1_18_out_ap_vld   |  out|    1|      ap_vld|                   local_reference_V_2_1_18_out|       pointer|
|local_reference_V_1_1_18_out          |  out|    2|      ap_vld|                   local_reference_V_1_1_18_out|       pointer|
|local_reference_V_1_1_18_out_ap_vld   |  out|    1|      ap_vld|                   local_reference_V_1_1_18_out|       pointer|
|local_reference_V_0_1_18_out          |  out|    2|      ap_vld|                   local_reference_V_0_1_18_out|       pointer|
|local_reference_V_0_1_18_out_ap_vld   |  out|    1|      ap_vld|                   local_reference_V_0_1_18_out|       pointer|
|local_reference_V_3_18_out            |  out|    2|      ap_vld|                     local_reference_V_3_18_out|       pointer|
|local_reference_V_3_18_out_ap_vld     |  out|    1|      ap_vld|                     local_reference_V_3_18_out|       pointer|
|local_reference_V_2_18_out            |  out|    2|      ap_vld|                     local_reference_V_2_18_out|       pointer|
|local_reference_V_2_18_out_ap_vld     |  out|    1|      ap_vld|                     local_reference_V_2_18_out|       pointer|
|local_reference_V_1_18_out            |  out|    2|      ap_vld|                     local_reference_V_1_18_out|       pointer|
|local_reference_V_1_18_out_ap_vld     |  out|    1|      ap_vld|                     local_reference_V_1_18_out|       pointer|
|local_reference_V_0_18_out            |  out|    2|      ap_vld|                     local_reference_V_0_18_out|       pointer|
|local_reference_V_0_18_out_ap_vld     |  out|    1|      ap_vld|                     local_reference_V_0_18_out|       pointer|
+--------------------------------------+-----+-----+------------+-----------------------------------------------+--------------+

