

================================================================
== Vitis HLS Report for 'seq_align_global_Pipeline_VITIS_LOOP_828_9'
================================================================
* Date:           Tue Aug  8 00:16:51 2023

* Version:        2022.1 (Build 3526262 on Mon Apr 18 15:47:01 MDT 2022)
* Project:        local_seq_multiple_align_sa
* Solution:       solution1 (Vitis Kernel Flow Target)
* Product family: zynquplus
* Target device:  xczu7ev-ffvc1156-2-i


================================================================
== Performance Estimates
================================================================
+ Timing: 
    * Summary: 
    +--------+---------+----------+------------+
    |  Clock |  Target | Estimated| Uncertainty|
    +--------+---------+----------+------------+
    |ap_clk  |  4.00 ns|  1.212 ns|     1.08 ns|
    +--------+---------+----------+------------+

+ Latency: 
    * Summary: 
    +---------+---------+----------+----------+-----+-----+---------+
    |  Latency (cycles) |  Latency (absolute) |  Interval | Pipeline|
    |   min   |   max   |    min   |    max   | min | max |   Type  |
    +---------+---------+----------+----------+-----+-----+---------+
    |       34|       34|  0.136 us|  0.136 us|   34|   34|       no|
    +---------+---------+----------+----------+-----+-----+---------+

    + Detail: 
        * Instance: 
        N/A

        * Loop: 
        +--------------------+---------+---------+----------+-----------+-----------+------+----------+
        |                    |  Latency (cycles) | Iteration|  Initiation Interval  | Trip |          |
        |      Loop Name     |   min   |   max   |  Latency |  achieved |   target  | Count| Pipelined|
        +--------------------+---------+---------+----------+-----------+-----------+------+----------+
        |- VITIS_LOOP_828_9  |       32|       32|         1|          1|          1|    32|       yes|
        +--------------------+---------+---------+----------+-----------+-----------+------+----------+



================================================================
== Utilization Estimates
================================================================
* Summary: 
+-----------------+---------+------+--------+--------+-----+
|       Name      | BRAM_18K|  DSP |   FF   |   LUT  | URAM|
+-----------------+---------+------+--------+--------+-----+
|DSP              |        -|     -|       -|       -|    -|
|Expression       |        -|     -|       0|      29|    -|
|FIFO             |        -|     -|       -|       -|    -|
|Instance         |        -|     -|       -|       -|    -|
|Memory           |        -|     -|       -|       -|    -|
|Multiplexer      |        -|     -|       -|     315|    -|
|Register         |        -|     -|     265|       -|    -|
+-----------------+---------+------+--------+--------+-----+
|Total            |        0|     0|     265|     344|    0|
+-----------------+---------+------+--------+--------+-----+
|Available        |      624|  1728|  460800|  230400|   96|
+-----------------+---------+------+--------+--------+-----+
|Utilization (%)  |        0|     0|      ~0|      ~0|    0|
+-----------------+---------+------+--------+--------+-----+

+ Detail: 
    * Instance: 
    N/A

    * DSP: 
    N/A

    * Memory: 
    N/A

    * FIFO: 
    N/A

    * Expression: 
    +----------------------------------+----------+----+---+----+------------+------------+
    |           Variable Name          | Operation| DSP| FF| LUT| Bitwidth P0| Bitwidth P1|
    +----------------------------------+----------+----+---+----+------------+------------+
    |i_2_fu_1005_p2                    |         +|   0|  0|  13|           6|           1|
    |ap_block_pp0_stage0_01001         |       and|   0|  0|   2|           1|           1|
    |ap_block_state2_pp0_stage0_iter1  |       and|   0|  0|   2|           1|           1|
    |icmp_ln828_fu_999_p2              |      icmp|   0|  0|  10|           6|           7|
    |ap_enable_pp0                     |       xor|   0|  0|   2|           1|           2|
    +----------------------------------+----------+----+---+----+------------+------------+
    |Total                             |          |   0|  0|  29|          15|          12|
    +----------------------------------+----------+----+---+----+------------+------------+

    * Multiplexer: 
    +---------------------------------+----+-----------+-----+-----------+
    |               Name              | LUT| Input Size| Bits| Total Bits|
    +---------------------------------+----+-----------+-----+-----------+
    |ap_done_int                      |   9|          2|    1|          2|
    |ap_enable_reg_pp0_iter1          |   9|          2|    1|          2|
    |i_fu_168                         |   9|          2|    6|         12|
    |query_data_10_fu_256             |   9|          2|    8|         16|
    |query_data_11_fu_252             |   9|          2|    8|         16|
    |query_data_12_fu_248             |   9|          2|    8|         16|
    |query_data_13_fu_244             |   9|          2|    8|         16|
    |query_data_14_fu_240             |   9|          2|    8|         16|
    |query_data_15_fu_236             |   9|          2|    8|         16|
    |query_data_16_fu_232             |   9|          2|    8|         16|
    |query_data_17_fu_228             |   9|          2|    8|         16|
    |query_data_18_fu_224             |   9|          2|    8|         16|
    |query_data_19_fu_220             |   9|          2|    8|         16|
    |query_data_1_fu_292              |   9|          2|    8|         16|
    |query_data_20_fu_216             |   9|          2|    8|         16|
    |query_data_21_fu_212             |   9|          2|    8|         16|
    |query_data_22_fu_208             |   9|          2|    8|         16|
    |query_data_23_fu_204             |   9|          2|    8|         16|
    |query_data_24_fu_200             |   9|          2|    8|         16|
    |query_data_25_fu_196             |   9|          2|    8|         16|
    |query_data_26_fu_192             |   9|          2|    8|         16|
    |query_data_27_fu_188             |   9|          2|    8|         16|
    |query_data_28_fu_184             |   9|          2|    8|         16|
    |query_data_29_fu_180             |   9|          2|    8|         16|
    |query_data_2_fu_288              |   9|          2|    8|         16|
    |query_data_30_fu_176             |   9|          2|    8|         16|
    |query_data_3_fu_284              |   9|          2|    8|         16|
    |query_data_4_fu_280              |   9|          2|    8|         16|
    |query_data_5_fu_276              |   9|          2|    8|         16|
    |query_data_6_fu_272              |   9|          2|    8|         16|
    |query_data_7_fu_268              |   9|          2|    8|         16|
    |query_data_8_fu_264              |   9|          2|    8|         16|
    |query_data_9_fu_260              |   9|          2|    8|         16|
    |query_data_fu_172                |   9|          2|    8|         16|
    |query_string_comp_0_TDATA_blk_n  |   9|          2|    1|          2|
    +---------------------------------+----+-----------+-----+-----------+
    |Total                            | 315|         70|  257|        514|
    +---------------------------------+----+-----------+-----+-----------+

    * Register: 
    +-------------------------+---+----+-----+-----------+
    |           Name          | FF| LUT| Bits| Const Bits|
    +-------------------------+---+----+-----+-----------+
    |ap_CS_fsm                |  1|   0|    1|          0|
    |ap_done_reg              |  1|   0|    1|          0|
    |ap_enable_reg_pp0_iter1  |  1|   0|    1|          0|
    |i_fu_168                 |  6|   0|    6|          0|
    |query_data_10_fu_256     |  8|   0|    8|          0|
    |query_data_11_fu_252     |  8|   0|    8|          0|
    |query_data_12_fu_248     |  8|   0|    8|          0|
    |query_data_13_fu_244     |  8|   0|    8|          0|
    |query_data_14_fu_240     |  8|   0|    8|          0|
    |query_data_15_fu_236     |  8|   0|    8|          0|
    |query_data_16_fu_232     |  8|   0|    8|          0|
    |query_data_17_fu_228     |  8|   0|    8|          0|
    |query_data_18_fu_224     |  8|   0|    8|          0|
    |query_data_19_fu_220     |  8|   0|    8|          0|
    |query_data_1_fu_292      |  8|   0|    8|          0|
    |query_data_20_fu_216     |  8|   0|    8|          0|
    |query_data_21_fu_212     |  8|   0|    8|          0|
    |query_data_22_fu_208     |  8|   0|    8|          0|
    |query_data_23_fu_204     |  8|   0|    8|          0|
    |query_data_24_fu_200     |  8|   0|    8|          0|
    |query_data_25_fu_196     |  8|   0|    8|          0|
    |query_data_26_fu_192     |  8|   0|    8|          0|
    |query_data_27_fu_188     |  8|   0|    8|          0|
    |query_data_28_fu_184     |  8|   0|    8|          0|
    |query_data_29_fu_180     |  8|   0|    8|          0|
    |query_data_2_fu_288      |  8|   0|    8|          0|
    |query_data_30_fu_176     |  8|   0|    8|          0|
    |query_data_31_fu_164     |  8|   0|    8|          0|
    |query_data_3_fu_284      |  8|   0|    8|          0|
    |query_data_4_fu_280      |  8|   0|    8|          0|
    |query_data_5_fu_276      |  8|   0|    8|          0|
    |query_data_6_fu_272      |  8|   0|    8|          0|
    |query_data_7_fu_268      |  8|   0|    8|          0|
    |query_data_8_fu_264      |  8|   0|    8|          0|
    |query_data_9_fu_260      |  8|   0|    8|          0|
    |query_data_fu_172        |  8|   0|    8|          0|
    +-------------------------+---+----+-----+-----------+
    |Total                    |265|   0|  265|          0|
    +-------------------------+---+----+-----+-----------+



================================================================
== Interface
================================================================
* Summary: 
+----------------------------+-----+-----+------------+--------------------------------------------+--------------+
|          RTL Ports         | Dir | Bits|  Protocol  |                Source Object               |    C Type    |
+----------------------------+-----+-----+------------+--------------------------------------------+--------------+
|ap_clk                      |   in|    1|  ap_ctrl_hs|  seq_align_global_Pipeline_VITIS_LOOP_828_9|  return value|
|ap_rst                      |   in|    1|  ap_ctrl_hs|  seq_align_global_Pipeline_VITIS_LOOP_828_9|  return value|
|ap_start                    |   in|    1|  ap_ctrl_hs|  seq_align_global_Pipeline_VITIS_LOOP_828_9|  return value|
|ap_done                     |  out|    1|  ap_ctrl_hs|  seq_align_global_Pipeline_VITIS_LOOP_828_9|  return value|
|ap_idle                     |  out|    1|  ap_ctrl_hs|  seq_align_global_Pipeline_VITIS_LOOP_828_9|  return value|
|ap_ready                    |  out|    1|  ap_ctrl_hs|  seq_align_global_Pipeline_VITIS_LOOP_828_9|  return value|
|query_string_comp_0_TVALID  |   in|    1|        axis|                         query_string_comp_0|       pointer|
|query_string_comp_0_TDATA   |   in|    8|        axis|                         query_string_comp_0|       pointer|
|query_string_comp_0_TREADY  |  out|    1|        axis|                         query_string_comp_0|       pointer|
|empty_20                    |   in|    8|     ap_none|                                    empty_20|        scalar|
|empty_21                    |   in|    8|     ap_none|                                    empty_21|        scalar|
|empty_22                    |   in|    8|     ap_none|                                    empty_22|        scalar|
|empty_23                    |   in|    8|     ap_none|                                    empty_23|        scalar|
|empty_24                    |   in|    8|     ap_none|                                    empty_24|        scalar|
|empty_25                    |   in|    8|     ap_none|                                    empty_25|        scalar|
|empty_26                    |   in|    8|     ap_none|                                    empty_26|        scalar|
|empty_27                    |   in|    8|     ap_none|                                    empty_27|        scalar|
|empty_28                    |   in|    8|     ap_none|                                    empty_28|        scalar|
|empty_29                    |   in|    8|     ap_none|                                    empty_29|        scalar|
|empty_30                    |   in|    8|     ap_none|                                    empty_30|        scalar|
|empty_31                    |   in|    8|     ap_none|                                    empty_31|        scalar|
|empty_32                    |   in|    8|     ap_none|                                    empty_32|        scalar|
|empty_33                    |   in|    8|     ap_none|                                    empty_33|        scalar|
|empty_34                    |   in|    8|     ap_none|                                    empty_34|        scalar|
|empty_35                    |   in|    8|     ap_none|                                    empty_35|        scalar|
|empty_36                    |   in|    8|     ap_none|                                    empty_36|        scalar|
|empty_37                    |   in|    8|     ap_none|                                    empty_37|        scalar|
|empty_38                    |   in|    8|     ap_none|                                    empty_38|        scalar|
|empty_39                    |   in|    8|     ap_none|                                    empty_39|        scalar|
|empty_40                    |   in|    8|     ap_none|                                    empty_40|        scalar|
|empty_41                    |   in|    8|     ap_none|                                    empty_41|        scalar|
|empty_42                    |   in|    8|     ap_none|                                    empty_42|        scalar|
|empty_43                    |   in|    8|     ap_none|                                    empty_43|        scalar|
|empty_44                    |   in|    8|     ap_none|                                    empty_44|        scalar|
|empty_45                    |   in|    8|     ap_none|                                    empty_45|        scalar|
|empty_46                    |   in|    8|     ap_none|                                    empty_46|        scalar|
|empty_47                    |   in|    8|     ap_none|                                    empty_47|        scalar|
|empty_48                    |   in|    8|     ap_none|                                    empty_48|        scalar|
|empty_49                    |   in|    8|     ap_none|                                    empty_49|        scalar|
|empty                       |   in|    8|     ap_none|                                       empty|        scalar|
|query_data_1_out            |  out|    8|      ap_vld|                            query_data_1_out|       pointer|
|query_data_1_out_ap_vld     |  out|    1|      ap_vld|                            query_data_1_out|       pointer|
|query_data_2_out            |  out|    8|      ap_vld|                            query_data_2_out|       pointer|
|query_data_2_out_ap_vld     |  out|    1|      ap_vld|                            query_data_2_out|       pointer|
|query_data_3_out            |  out|    8|      ap_vld|                            query_data_3_out|       pointer|
|query_data_3_out_ap_vld     |  out|    1|      ap_vld|                            query_data_3_out|       pointer|
|query_data_4_out            |  out|    8|      ap_vld|                            query_data_4_out|       pointer|
|query_data_4_out_ap_vld     |  out|    1|      ap_vld|                            query_data_4_out|       pointer|
|query_data_5_out            |  out|    8|      ap_vld|                            query_data_5_out|       pointer|
|query_data_5_out_ap_vld     |  out|    1|      ap_vld|                            query_data_5_out|       pointer|
|query_data_6_out            |  out|    8|      ap_vld|                            query_data_6_out|       pointer|
|query_data_6_out_ap_vld     |  out|    1|      ap_vld|                            query_data_6_out|       pointer|
|query_data_7_out            |  out|    8|      ap_vld|                            query_data_7_out|       pointer|
|query_data_7_out_ap_vld     |  out|    1|      ap_vld|                            query_data_7_out|       pointer|
|query_data_8_out            |  out|    8|      ap_vld|                            query_data_8_out|       pointer|
|query_data_8_out_ap_vld     |  out|    1|      ap_vld|                            query_data_8_out|       pointer|
|query_data_9_out            |  out|    8|      ap_vld|                            query_data_9_out|       pointer|
|query_data_9_out_ap_vld     |  out|    1|      ap_vld|                            query_data_9_out|       pointer|
|query_data_10_out           |  out|    8|      ap_vld|                           query_data_10_out|       pointer|
|query_data_10_out_ap_vld    |  out|    1|      ap_vld|                           query_data_10_out|       pointer|
|query_data_11_out           |  out|    8|      ap_vld|                           query_data_11_out|       pointer|
|query_data_11_out_ap_vld    |  out|    1|      ap_vld|                           query_data_11_out|       pointer|
|query_data_12_out           |  out|    8|      ap_vld|                           query_data_12_out|       pointer|
|query_data_12_out_ap_vld    |  out|    1|      ap_vld|                           query_data_12_out|       pointer|
|query_data_13_out           |  out|    8|      ap_vld|                           query_data_13_out|       pointer|
|query_data_13_out_ap_vld    |  out|    1|      ap_vld|                           query_data_13_out|       pointer|
|query_data_14_out           |  out|    8|      ap_vld|                           query_data_14_out|       pointer|
|query_data_14_out_ap_vld    |  out|    1|      ap_vld|                           query_data_14_out|       pointer|
|query_data_15_out           |  out|    8|      ap_vld|                           query_data_15_out|       pointer|
|query_data_15_out_ap_vld    |  out|    1|      ap_vld|                           query_data_15_out|       pointer|
|query_data_16_out           |  out|    8|      ap_vld|                           query_data_16_out|       pointer|
|query_data_16_out_ap_vld    |  out|    1|      ap_vld|                           query_data_16_out|       pointer|
|query_data_17_out           |  out|    8|      ap_vld|                           query_data_17_out|       pointer|
|query_data_17_out_ap_vld    |  out|    1|      ap_vld|                           query_data_17_out|       pointer|
|query_data_18_out           |  out|    8|      ap_vld|                           query_data_18_out|       pointer|
|query_data_18_out_ap_vld    |  out|    1|      ap_vld|                           query_data_18_out|       pointer|
|query_data_19_out           |  out|    8|      ap_vld|                           query_data_19_out|       pointer|
|query_data_19_out_ap_vld    |  out|    1|      ap_vld|                           query_data_19_out|       pointer|
|query_data_20_out           |  out|    8|      ap_vld|                           query_data_20_out|       pointer|
|query_data_20_out_ap_vld    |  out|    1|      ap_vld|                           query_data_20_out|       pointer|
|query_data_21_out           |  out|    8|      ap_vld|                           query_data_21_out|       pointer|
|query_data_21_out_ap_vld    |  out|    1|      ap_vld|                           query_data_21_out|       pointer|
|query_data_22_out           |  out|    8|      ap_vld|                           query_data_22_out|       pointer|
|query_data_22_out_ap_vld    |  out|    1|      ap_vld|                           query_data_22_out|       pointer|
|query_data_23_out           |  out|    8|      ap_vld|                           query_data_23_out|       pointer|
|query_data_23_out_ap_vld    |  out|    1|      ap_vld|                           query_data_23_out|       pointer|
|query_data_24_out           |  out|    8|      ap_vld|                           query_data_24_out|       pointer|
|query_data_24_out_ap_vld    |  out|    1|      ap_vld|                           query_data_24_out|       pointer|
|query_data_25_out           |  out|    8|      ap_vld|                           query_data_25_out|       pointer|
|query_data_25_out_ap_vld    |  out|    1|      ap_vld|                           query_data_25_out|       pointer|
|query_data_26_out           |  out|    8|      ap_vld|                           query_data_26_out|       pointer|
|query_data_26_out_ap_vld    |  out|    1|      ap_vld|                           query_data_26_out|       pointer|
|query_data_27_out           |  out|    8|      ap_vld|                           query_data_27_out|       pointer|
|query_data_27_out_ap_vld    |  out|    1|      ap_vld|                           query_data_27_out|       pointer|
|query_data_28_out           |  out|    8|      ap_vld|                           query_data_28_out|       pointer|
|query_data_28_out_ap_vld    |  out|    1|      ap_vld|                           query_data_28_out|       pointer|
|query_data_29_out           |  out|    8|      ap_vld|                           query_data_29_out|       pointer|
|query_data_29_out_ap_vld    |  out|    1|      ap_vld|                           query_data_29_out|       pointer|
|query_data_30_out           |  out|    8|      ap_vld|                           query_data_30_out|       pointer|
|query_data_30_out_ap_vld    |  out|    1|      ap_vld|                           query_data_30_out|       pointer|
|query_data_out              |  out|    8|      ap_vld|                              query_data_out|       pointer|
|query_data_out_ap_vld       |  out|    1|      ap_vld|                              query_data_out|       pointer|
|p_phi_out                   |  out|    8|      ap_vld|                                   p_phi_out|       pointer|
|p_phi_out_ap_vld            |  out|    1|      ap_vld|                                   p_phi_out|       pointer|
+----------------------------+-----+-----+------------+--------------------------------------------+--------------+

